
R version 4.4.2 (2024-10-31) -- "Pile of Leaves"
Copyright (C) 2024 The R Foundation for Statistical Computing
Platform: x86_64-redhat-linux-gnu

R is free software and comes with ABSOLUTELY NO WARRANTY.
You are welcome to redistribute it under certain conditions.
Type 'license()' or 'licence()' for distribution details.

R is a collaborative project with many contributors.
Type 'contributors()' for more information and
'citation()' on how to cite R or R packages in publications.

Type 'demo()' for some demos, 'help()' for on-line help, or
'help.start()' for an HTML browser interface to help.
Type 'q()' to quit R.

> # Multi-Trait Multi-Environment models ----
> # This script fits Multi-Trait Multi-Environment models
> 
> # Clean workspace
> rm(list = objects())  # Removes all objects from the environment.
> 
> # Packages ----
> library(tidyverse) # R packages for data science.
── Attaching core tidyverse packages ──────────────────────── tidyverse 2.0.0 ──
✔ dplyr     1.1.4     ✔ readr     2.1.5
✔ forcats   1.0.0     ✔ stringr   1.5.1
✔ ggplot2   3.5.1     ✔ tibble    3.2.1
✔ lubridate 1.9.4     ✔ tidyr     1.3.1
✔ purrr     1.0.2     
── Conflicts ────────────────────────────────────────── tidyverse_conflicts() ──
✖ dplyr::filter() masks stats::filter()
✖ dplyr::lag()    masks stats::lag()
ℹ Use the conflicted package (<http://conflicted.r-lib.org/>) to force all conflicts to become errors
> library(asreml) # ASReml-R package.
Loading required package: Matrix

Attaching package: ‘Matrix’

The following objects are masked from ‘package:tidyr’:

    expand, pack, unpack

Online License checked out Thu Jan 30 13:44:45 2025
Loading ASReml-R version 4.2

> 
> # Load data ----
> ## Pheno & Ginv
> load('ILYT_Pheno-Gmatrix.RData')
> 
> # Fit RR2 model ----
> ## Run model ----
> MTME_RR2.asr <- asreml(
+   Pheno_z ~ TraitEnv,
+   random = ~ rr(TraitEnv,2):vm(Gkeep, Ginv.sparse) + diag(TraitEnv):vm(Gkeep, Ginv.sparse),
+   residual = ~ dsum(~ ar1(Col):ar1(Row) | TraitEnv),
+   sparse = ~ TraitEnv:Gdrop,
+   data = ILYT_Pheno,
+   na.action = na.method(x = "include"),
+   maxit = 20,
+   workspace = '96gb'
+ )
Warning messages:
1: In asreml(Pheno_z ~ TraitEnv, random = ~rr(TraitEnv, 2):vm(Gkeep,  :
  Log-likelihood not converged
2: In asreml(Pheno_z ~ TraitEnv, random = ~rr(TraitEnv, 2):vm(Gkeep,  :
  Some components changed by more than 1% on the last iteration
> 
> # Print model info
> print('MTME-RR2')
[1] "MTME-RR2"
> print(summary(MTME_RR2.asr)$call)
asreml(fixed = Pheno_z ~ TraitEnv, random = ~rr(TraitEnv, 2):vm(Gkeep, 
    Ginv.sparse) + diag(TraitEnv):vm(Gkeep, Ginv.sparse), sparse = ~TraitEnv:Gdrop, 
    residual = ~dsum(~ar1(Col):ar1(Row) | TraitEnv), na.action = na.method(x = "include"), 
    data = ILYT_Pheno, maxit = 20, workspace = "96gb")
> print('AIC')
[1] "AIC"
> print(summary(MTME_RR2.asr)$aic)
[1] -28656.1
attr(,"parameters")
[1] 233
> print(paste('convergence =', MTME_RR2.asr$converge))
[1] "convergence = FALSE"
> 
> save.image('MTME_rr2.RData')
> 
> ## Update1 model ----
> MTME_RR2.asr <- update(MTME_RR2.asr)
Warning messages:
1: In asreml(fixed = Pheno_z ~ TraitEnv, random = ~rr(TraitEnv, 2):vm(Gkeep,  :
  Log-likelihood not converged
2: In asreml(fixed = Pheno_z ~ TraitEnv, random = ~rr(TraitEnv, 2):vm(Gkeep,  :
  Some components changed by more than 1% on the last iteration
> 
> # Print model info
> print('MTME-RR2 - Update 1')
[1] "MTME-RR2 - Update 1"
> print(summary(MTME_RR2.asr)$call)
asreml(fixed = Pheno_z ~ TraitEnv, random = ~rr(TraitEnv, 2):vm(Gkeep, 
    Ginv.sparse) + diag(TraitEnv):vm(Gkeep, Ginv.sparse), sparse = ~TraitEnv:Gdrop, 
    residual = ~dsum(~ar1(Col):ar1(Row) | TraitEnv), G.param = MTME_RR2.asr$G.param, 
    R.param = MTME_RR2.asr$R.param, na.action = na.method(x = "include"), 
    data = ILYT_Pheno, maxit = 20, workspace = "96gb")
> print('AIC')
[1] "AIC"
> print(summary(MTME_RR2.asr)$aic)
[1] -28660.52
attr(,"parameters")
[1] 233
> print(paste('convergence =', MTME_RR2.asr$converge))
[1] "convergence = FALSE"
> 
> save.image('MTME_rr2.RData')
> 
> ## Update2 model ----
> MTME_RR2.asr <- update(MTME_RR2.asr)
Warning message:
In asreml(fixed = Pheno_z ~ TraitEnv, random = ~rr(TraitEnv, 2):vm(Gkeep,  :
  Some components changed by more than 1% on the last iteration
> 
> # Print model info
> print('MTME-RR2 - Update 2')
[1] "MTME-RR2 - Update 2"
> print(summary(MTME_RR2.asr)$call)
asreml(fixed = Pheno_z ~ TraitEnv, random = ~rr(TraitEnv, 2):vm(Gkeep, 
    Ginv.sparse) + diag(TraitEnv):vm(Gkeep, Ginv.sparse), sparse = ~TraitEnv:Gdrop, 
    residual = ~dsum(~ar1(Col):ar1(Row) | TraitEnv), G.param = MTME_RR2.asr$G.param, 
    R.param = MTME_RR2.asr$R.param, na.action = na.method(x = "include"), 
    data = ILYT_Pheno, maxit = 20, workspace = "96gb")
> print('AIC')
[1] "AIC"
> print(summary(MTME_RR2.asr)$aic)
[1] -28662.12
attr(,"parameters")
[1] 233
> print(paste('convergence =', MTME_RR2.asr$converge))
[1] "convergence = TRUE"
> 
> save.image('MTME_rr2.RData')
> 
> ## Update3 model ----
> MTME_RR2.asr <- update(MTME_RR2.asr)
> 
> # Print model info
> print('MTME-RR2 - Update 3')
[1] "MTME-RR2 - Update 3"
> print(summary(MTME_RR2.asr)$call)
asreml(fixed = Pheno_z ~ TraitEnv, random = ~rr(TraitEnv, 2):vm(Gkeep, 
    Ginv.sparse) + diag(TraitEnv):vm(Gkeep, Ginv.sparse), sparse = ~TraitEnv:Gdrop, 
    residual = ~dsum(~ar1(Col):ar1(Row) | TraitEnv), G.param = MTME_RR2.asr$G.param, 
    R.param = MTME_RR2.asr$R.param, na.action = na.method(x = "include"), 
    data = ILYT_Pheno, maxit = 20, workspace = "96gb")
> print('AIC')
[1] "AIC"
> print(summary(MTME_RR2.asr)$aic)
[1] -28662.23
attr(,"parameters")
[1] 233
> print(paste('convergence =', MTME_RR2.asr$converge))
[1] "convergence = TRUE"
> 
> save.image('MTME_rr2.RData')
> 
> # End
> 
> proc.time()
     user    system   elapsed 
387283.31  24405.75 381215.39 
