
R version 4.4.2 (2024-10-31) -- "Pile of Leaves"
Copyright (C) 2024 The R Foundation for Statistical Computing
Platform: x86_64-redhat-linux-gnu

R is free software and comes with ABSOLUTELY NO WARRANTY.
You are welcome to redistribute it under certain conditions.
Type 'license()' or 'licence()' for distribution details.

R is a collaborative project with many contributors.
Type 'contributors()' for more information and
'citation()' on how to cite R or R packages in publications.

Type 'demo()' for some demos, 'help()' for on-line help, or
'help.start()' for an HTML browser interface to help.
Type 'q()' to quit R.

Online License checked out Sun Feb  9 10:39:46 2025
[Previously saved workspace restored]

> # Multi-Trait Multi-Environment models ----
> # This script fits Multi-Trait Multi-Environment models
> 
> # Clean workspace
> rm(list = objects())  # Removes all objects from the environment.
> 
> # Packages ----
> library(tidyverse) # R packages for data science.
── Attaching core tidyverse packages ──────────────────────── tidyverse 2.0.0 ──
✔ dplyr     1.1.4     ✔ readr     2.1.5
✔ forcats   1.0.0     ✔ stringr   1.5.1
✔ ggplot2   3.5.1     ✔ tibble    3.2.1
✔ lubridate 1.9.4     ✔ tidyr     1.3.1
✔ purrr     1.0.2     
── Conflicts ────────────────────────────────────────── tidyverse_conflicts() ──
✖ dplyr::filter() masks stats::filter()
✖ dplyr::lag()    masks stats::lag()
ℹ Use the conflicted package (<http://conflicted.r-lib.org/>) to force all conflicts to become errors
> library(asreml) # ASReml-R package.
Loading required package: Matrix

Attaching package: ‘Matrix’

The following objects are masked from ‘package:tidyr’:

    expand, pack, unpack

Loading ASReml-R version 4.2

> 
> # Use for HPC only
> setwd('~/MTME_ILWheat/')
> 
> # Load data ----
> ## Pheno & Ginv
> load('Data/ILYT_Pheno-Gmatrix.RData')
> 
> # Fit rr1ap model ----
> ## Run model ----
> MTME.z_rr1ap.asr <- asreml(
+   Pheno_z ~ TraitEnv,
+   random = ~ rr(TraitEnv,1):vm(Gkeep, Ginv.sparse) + diag(TraitEnv):vm(Gkeep, Ginv.sparse) +
+     rr(TraitEnv,1):ide(Gkeep) + diag(TraitEnv):ide(Gkeep),
+   residual = ~ dsum(~ ar1(Col):ar1(Row) | TraitEnv),
+   sparse = ~ TraitEnv:Gdrop,
+   data = ILYT_Pheno,
+   na.action = na.method(x = "include"),
+   maxit = 20,
+   workspace = '24gb'
+ )
Warning messages:
1: In asreml(Pheno_z ~ TraitEnv, random = ~rr(TraitEnv, 1):vm(Gkeep,  :
  Log-likelihood not converged
2: In asreml(Pheno_z ~ TraitEnv, random = ~rr(TraitEnv, 1):vm(Gkeep,  :
  Some components changed by more than 1% on the last iteration
> 
> # Print model info
> print('MTME.z-rr1ap')
[1] "MTME.z-rr1ap"
> print('AIC')
[1] "AIC"
> print(summary(MTME.z_rr1ap.asr)$aic)
[1] -34144.13
attr(,"parameters")
[1] 273
> print(paste('convergence =', MTME.z_rr1ap.asr$converge))
[1] "convergence = FALSE"
> MTME.z_rr1ap.asr$trace |>
+   as.data.frame() |> rownames_to_column('Iteration') |>
+   filter(Iteration=='LogLik') |> print()
  Iteration        1        2        3        4        5        6        7
1    LogLik 8739.129 11551.74 13889.56 15080.57 15833.26 16308.24 16601.54
         8        9       10       11       12       13       14       15
1 16787.56 16909.44 17011.37 17129.12 17214.29 17269.72 17302.44 17319.66
        16       17       18       19       20       21
1 17329.01 17335.59 17340.18 17343.14 17345.07 17345.07
> 
> save.image('Data/MTME.z_rr1ap.RData')
> 
> ## Update1 model ----
> MTME.z_rr1ap.asr <- update(MTME.z_rr1ap.asr)
Warning messages:
1: In asreml(fixed = Pheno_z ~ TraitEnv, random = ~rr(TraitEnv, 1):vm(Gkeep,  :
  Log-likelihood not converged
2: In asreml(fixed = Pheno_z ~ TraitEnv, random = ~rr(TraitEnv, 1):vm(Gkeep,  :
  Some components changed by more than 1% on the last iteration
> 
> # Print model info
> print('MTME.z-rr1ap - Update 1')
[1] "MTME.z-rr1ap - Update 1"
> print('AIC')
[1] "AIC"
> print(summary(MTME.z_rr1ap.asr)$aic)
[1] -34165.25
attr(,"parameters")
[1] 273
> print(paste('convergence =', MTME.z_rr1ap.asr$converge))
[1] "convergence = FALSE"
> MTME.z_rr1ap.asr$trace |>
+   as.data.frame() |> rownames_to_column('Iteration') |>
+   filter(Iteration=='LogLik') |> print()
  Iteration        1     2        3       4        5        6        7        8
1    LogLik 17346.58 17347 17348.06 17348.8 17349.52 17350.18 17350.78 17351.32
         9       10       11       12       13       14       15       16
1 17351.82 17352.28 17352.71 17353.12 17353.49 17353.85 17354.19 17354.51
        17      18       19       20       21
1 17354.81 17355.1 17355.37 17355.62 17355.62
> 
> save.image('Data/MTME.z_rr1ap.RData')
> 
> ## Update2 model ----
> MTME.z_rr1ap.asr <- update(MTME.z_rr1ap.asr)
Warning messages:
1: In asreml(fixed = Pheno_z ~ TraitEnv, random = ~rr(TraitEnv, 1):vm(Gkeep,  :
  Log-likelihood not converged
2: In asreml(fixed = Pheno_z ~ TraitEnv, random = ~rr(TraitEnv, 1):vm(Gkeep,  :
  Some components changed by more than 1% on the last iteration
> 
> # Print model info
> print('MTME.z-rr1ap - Update 2')
[1] "MTME.z-rr1ap - Update 2"
> print('AIC')
[1] "AIC"
> print(summary(MTME.z_rr1ap.asr)$aic)
[1] -34170.95
attr(,"parameters")
[1] 273
> print(paste('convergence =', MTME.z_rr1ap.asr$converge))
[1] "convergence = FALSE"
> MTME.z_rr1ap.asr$trace |>
+   as.data.frame() |> rownames_to_column('Iteration') |>
+   filter(Iteration=='LogLik') |> print()
  Iteration        1        2        3        4        5        6        7
1    LogLik 17355.86 17355.92 17356.13 17356.33 17356.52 17356.71 17356.89
         8        9       10       11       12       13       14    15       16
1 17357.06 17357.22 17357.37 17357.51 17357.65 17357.77 17357.89 17358 17358.11
        17      18       19       20       21
1 17358.21 17358.3 17358.39 17358.48 17358.48
> 
> save.image('Data/MTME.z_rr1ap.RData')
> 
> ## Update3 model ----
> MTME.z_rr1ap.asr <- update(MTME.z_rr1ap.asr)
Warning messages:
1: In asreml(fixed = Pheno_z ~ TraitEnv, random = ~rr(TraitEnv, 1):vm(Gkeep,  :
  Log-likelihood not converged
2: In asreml(fixed = Pheno_z ~ TraitEnv, random = ~rr(TraitEnv, 1):vm(Gkeep,  :
  Some components changed by more than 1% on the last iteration
> 
> # Print model info
> print('MTME.z-rr1ap - Update 3')
[1] "MTME.z-rr1ap - Update 3"
> print('AIC')
[1] "AIC"
> print(summary(MTME.z_rr1ap.asr)$aic)
[1] -34172.78
attr(,"parameters")
[1] 273
> print(paste('convergence =', MTME.z_rr1ap.asr$converge))
[1] "convergence = FALSE"
> MTME.z_rr1ap.asr$trace |>
+   as.data.frame() |> rownames_to_column('Iteration') |>
+   filter(Iteration=='LogLik') |> print()
  Iteration        1        2        3        4        5        6        7
1    LogLik 17358.55 17358.57 17358.64 17358.71 17358.77 17358.83 17358.89
         8        9       10       11       12       13       14       15
1 17358.94 17358.99 17359.04 17359.08 17359.13 17359.17 17359.21 17359.24
        16       17       18       19       20       21
1 17359.27 17359.31 17359.34 17359.36 17359.39 17359.39
> 
> save.image('Data/MTME.z_rr1ap.RData')
> 
> proc.time()
     user    system   elapsed 
84065.506  4649.351 23597.773 
