
R version 4.4.2 (2024-10-31) -- "Pile of Leaves"
Copyright (C) 2024 The R Foundation for Statistical Computing
Platform: x86_64-redhat-linux-gnu

R is free software and comes with ABSOLUTELY NO WARRANTY.
You are welcome to redistribute it under certain conditions.
Type 'license()' or 'licence()' for distribution details.

R is a collaborative project with many contributors.
Type 'contributors()' for more information and
'citation()' on how to cite R or R packages in publications.

Type 'demo()' for some demos, 'help()' for on-line help, or
'help.start()' for an HTML browser interface to help.
Type 'q()' to quit R.

Online License checked out Sun Feb  9 15:43:43 2025
[Previously saved workspace restored]

> # Multi-Trait Multi-Environment models ----
> # This script fits Multi-Trait Multi-Environment models
> 
> # Clean workspace
> rm(list = objects())  # Removes all objects from the environment.
> 
> # Packages ----
> library(tidyverse) # R packages for data science.
── Attaching core tidyverse packages ──────────────────────── tidyverse 2.0.0 ──
✔ dplyr     1.1.4     ✔ readr     2.1.5
✔ forcats   1.0.0     ✔ stringr   1.5.1
✔ ggplot2   3.5.1     ✔ tibble    3.2.1
✔ lubridate 1.9.4     ✔ tidyr     1.3.1
✔ purrr     1.0.2     
── Conflicts ────────────────────────────────────────── tidyverse_conflicts() ──
✖ dplyr::filter() masks stats::filter()
✖ dplyr::lag()    masks stats::lag()
ℹ Use the conflicted package (<http://conflicted.r-lib.org/>) to force all conflicts to become errors
> library(asreml) # ASReml-R package.
Loading required package: Matrix

Attaching package: ‘Matrix’

The following objects are masked from ‘package:tidyr’:

    expand, pack, unpack

Loading ASReml-R version 4.2

> 
> # Use for HPC only
> setwd('~/MTME_ILWheat/')
> 
> # Load data ----
> ## Pheno & Ginv
> load('Data/ILYT_Pheno-Gmatrix.RData')
> 
> # Fit rr2ap model ----
> ## Run model ----
> MTME.z_rr2ap.asr <- asreml(
+   Pheno_z ~ TraitEnv,
+   random = ~ rr(TraitEnv,2):vm(Gkeep, Ginv.sparse) + diag(TraitEnv):vm(Gkeep, Ginv.sparse) +
+     rr(TraitEnv,1):ide(Gkeep) + diag(TraitEnv):ide(Gkeep),
+   residual = ~ dsum(~ ar1(Col):ar1(Row) | TraitEnv),
+   sparse = ~ TraitEnv:Gdrop,
+   data = ILYT_Pheno,
+   na.action = na.method(x = "include"),
+   maxit = 20,
+   workspace = '24gb'
+ )
Warning messages:
1: In asreml(Pheno_z ~ TraitEnv, random = ~rr(TraitEnv, 2):vm(Gkeep,  :
  Log-likelihood not converged
2: In asreml(Pheno_z ~ TraitEnv, random = ~rr(TraitEnv, 2):vm(Gkeep,  :
  Some components changed by more than 1% on the last iteration
> 
> # Print model info
> print('MTME.z-rr2ap')
[1] "MTME.z-rr2ap"
> print('AIC')
[1] "AIC"
> print(summary(MTME.z_rr2ap.asr)$aic)
[1] -35788.59
attr(,"parameters")
[1] 311
> print(paste('convergence =', MTME.z_rr2ap.asr$converge))
[1] "convergence = FALSE"
> MTME.z_rr2ap.asr$trace |>
+   as.data.frame() |> rownames_to_column('Iteration') |>
+   filter(Iteration=='LogLik') |> print()
  Iteration        1        2        3        4        5        6        7
1    LogLik 8902.836 13111.12 15548.38 16841.46 17344.28 17631.15 17837.13
         8        9       10       11       12       13       14       15
1 17970.67 18053.16 18118.03 18151.66 18169.43 18181.72 18189.96 18195.36
        16      17       18       19      20      21
1 18198.85 18201.3 18203.01 18204.28 18205.3 18205.3
> 
> save.image('Data/MTME.z_rr2ap.RData')
> 
> ## Update1 model ----
> MTME.z_rr2ap.asr <- update(MTME.z_rr2ap.asr)
Warning messages:
1: In asreml(fixed = Pheno_z ~ TraitEnv, random = ~rr(TraitEnv, 2):vm(Gkeep,  :
  Log-likelihood not converged
2: In asreml(fixed = Pheno_z ~ TraitEnv, random = ~rr(TraitEnv, 2):vm(Gkeep,  :
  Some components changed by more than 1% on the last iteration
> 
> # Print model info
> print('MTME.z-rr2ap - Update 1')
[1] "MTME.z-rr2ap - Update 1"
> print('AIC')
[1] "AIC"
> print(summary(MTME.z_rr2ap.asr)$aic)
[1] -35807.86
attr(,"parameters")
[1] 311
> print(paste('convergence =', MTME.z_rr2ap.asr$converge))
[1] "convergence = FALSE"
> MTME.z_rr2ap.asr$trace |>
+   as.data.frame() |> rownames_to_column('Iteration') |>
+   filter(Iteration=='LogLik') |> print()
  Iteration        1        2        3        4        5        6        7
1    LogLik 18206.15 18206.34 18206.96 18207.55 18208.11 18208.66 18209.19
        8        9      10       11       12       13       14      15       16
1 18209.7 18210.21 18210.7 18211.17 18211.63 18212.07 18212.49 18212.9 18213.31
        17       18       19       20       21
1 18213.72 18214.12 18214.53 18214.93 18214.93
> 
> save.image('Data/MTME.z_rr2ap.RData')
> 
> ## Update2 model ----
> MTME.z_rr2ap.asr <- update(MTME.z_rr2ap.asr)
Warning messages:
1: In asreml(fixed = Pheno_z ~ TraitEnv, random = ~rr(TraitEnv, 2):vm(Gkeep,  :
  Log-likelihood not converged
2: In asreml(fixed = Pheno_z ~ TraitEnv, random = ~rr(TraitEnv, 2):vm(Gkeep,  :
  Some components changed by more than 1% on the last iteration
> 
> # Print model info
> print('MTME.z-rr2ap - Update 2')
[1] "MTME.z-rr2ap - Update 2"
> print('AIC')
[1] "AIC"
> print(summary(MTME.z_rr2ap.asr)$aic)
[1] -35823.81
attr(,"parameters")
[1] 311
> print(paste('convergence =', MTME.z_rr2ap.asr$converge))
[1] "convergence = FALSE"
> MTME.z_rr2ap.asr$trace |>
+   as.data.frame() |> rownames_to_column('Iteration') |>
+   filter(Iteration=='LogLik') |> print()
  Iteration        1        2       3        4        5        6        7
1    LogLik 18215.34 18215.44 18215.8 18216.17 18216.56 18216.97 18217.38
         8        9       10       11       12       13       14       15
1 18217.79 18218.21 18218.63 18219.06 18219.49 18219.92 18220.35 18220.78
        16       17       18       19      20      21
1 18221.21 18221.64 18222.06 18222.48 18222.9 18222.9
> 
> ## Update3 model ----
> MTME.z_rr2ap.asr <- update(MTME.z_rr2ap.asr)
Warning messages:
1: In asreml(fixed = Pheno_z ~ TraitEnv, random = ~rr(TraitEnv, 2):vm(Gkeep,  :
  Log-likelihood not converged
2: In asreml(fixed = Pheno_z ~ TraitEnv, random = ~rr(TraitEnv, 2):vm(Gkeep,  :
  Some components changed by more than 1% on the last iteration
> 
> # Print model info
> print('MTME.z-rr2ap - Update 3')
[1] "MTME.z-rr2ap - Update 3"
> print('AIC')
[1] "AIC"
> print(summary(MTME.z_rr2ap.asr)$aic)
[1] -35837.88
attr(,"parameters")
[1] 311
> print(paste('convergence =', MTME.z_rr2ap.asr$converge))
[1] "convergence = FALSE"
> MTME.z_rr2ap.asr$trace |>
+   as.data.frame() |> rownames_to_column('Iteration') |>
+   filter(Iteration=='LogLik') |> print()
  Iteration        1        2        3        4        5        6       7
1    LogLik 18223.32 18223.42 18223.79 18224.16 18224.54 18224.92 18225.3
         8        9       10      11       12       13       14       15
1 18225.68 18226.06 18226.43 18226.8 18227.17 18227.53 18227.89 18228.24
        16       17       18       19       20       21
1 18228.59 18228.93 18229.27 18229.61 18229.94 18229.94
> 
> save.image('Data/MTME.z_rr2ap.RData')
> 
> proc.time()
      user     system    elapsed 
120603.926   6467.976  38985.331 
