
R version 4.4.2 (2024-10-31) -- "Pile of Leaves"
Copyright (C) 2024 The R Foundation for Statistical Computing
Platform: x86_64-redhat-linux-gnu

R is free software and comes with ABSOLUTELY NO WARRANTY.
You are welcome to redistribute it under certain conditions.
Type 'license()' or 'licence()' for distribution details.

R is a collaborative project with many contributors.
Type 'contributors()' for more information and
'citation()' on how to cite R or R packages in publications.

Type 'demo()' for some demos, 'help()' for on-line help, or
'help.start()' for an HTML browser interface to help.
Type 'q()' to quit R.

Online License checked out Sat Feb  8 21:05:34 2025
[Previously saved workspace restored]

> # Multi-Trait Multi-Environment models ----
> # This script fits Multi-Trait Multi-Environment models
> 
> # Clean workspace
> rm(list = objects())  # Removes all objects from the environment.
> 
> # Packages ----
> library(tidyverse) # R packages for data science.
── Attaching core tidyverse packages ──────────────────────── tidyverse 2.0.0 ──
✔ dplyr     1.1.4     ✔ readr     2.1.5
✔ forcats   1.0.0     ✔ stringr   1.5.1
✔ ggplot2   3.5.1     ✔ tibble    3.2.1
✔ lubridate 1.9.4     ✔ tidyr     1.3.1
✔ purrr     1.0.2     
── Conflicts ────────────────────────────────────────── tidyverse_conflicts() ──
✖ dplyr::filter() masks stats::filter()
✖ dplyr::lag()    masks stats::lag()
ℹ Use the conflicted package (<http://conflicted.r-lib.org/>) to force all conflicts to become errors
> library(asreml) # ASReml-R package.
Loading required package: Matrix

Attaching package: ‘Matrix’

The following objects are masked from ‘package:tidyr’:

    expand, pack, unpack

Loading ASReml-R version 4.2

> 
> # Use for HPC only
> setwd('~/MTME_ILWheat/')
> 
> # Load data ----
> ## Pheno & Ginv
> load('Data/ILYT_Pheno-Gmatrix.RData')
> 
> # Fit rr4a model ----
> ## Run model ----
> MTME.z_rr4a.asr <- asreml(
+   Pheno_z ~ TraitEnv,
+   random = ~ rr(TraitEnv,4):vm(Gkeep, Ginv.sparse) + diag(TraitEnv):vm(Gkeep, Ginv.sparse),
+   residual = ~ dsum(~ ar1(Col):ar1(Row) | TraitEnv),
+   sparse = ~ TraitEnv:Gdrop,
+   data = ILYT_Pheno,
+   na.action = na.method(x = "include"),
+   maxit = 20,
+   workspace = '96gb'
+ )
Warning messages:
1: In asreml(Pheno_z ~ TraitEnv, random = ~rr(TraitEnv, 4):vm(Gkeep,  :
  Log-likelihood not converged
2: In asreml(Pheno_z ~ TraitEnv, random = ~rr(TraitEnv, 4):vm(Gkeep,  :
  Some components changed by more than 1% on the last iteration
> 
> # Print model info
> print('MTME.z-rr4a')
[1] "MTME.z-rr4a"
> print(summary(MTME.z_rr4a.asr)$call)
asreml(fixed = Pheno_z ~ TraitEnv, random = ~rr(TraitEnv, 4):vm(Gkeep, 
    Ginv.sparse) + diag(TraitEnv):vm(Gkeep, Ginv.sparse), sparse = ~TraitEnv:Gdrop, 
    residual = ~dsum(~ar1(Col):ar1(Row) | TraitEnv), na.action = na.method(x = "include"), 
    data = ILYT_Pheno, maxit = 20, workspace = "96gb")
> print('AIC')
[1] "AIC"
> print(summary(MTME.z_rr4a.asr)$aic)
[1] -31864.54
attr(,"parameters")
[1] 306
> print(paste('convergence =', MTME.z_rr4a.asr$converge))
[1] "convergence = FALSE"
> MTME.z_rr4a.asr$trace |>
+   as.data.frame() |>
+   rownames_to_column('Iteration') |>
+   filter(Iteration=='LogLik') |>
+   print()
  Iteration       1        2       3        4       5        6       7        8
1    LogLik 8833.62 11812.01 14215.8 15130.59 15676.1 15901.58 16003.3 16056.16
         9       10       11       12       13       14       15       16
1 16089.71 16114.63 16140.06 16160.71 16177.08 16190.78 16201.57 16210.35
        17       18       19       20       21
1 16218.29 16225.75 16233.02 16238.27 16238.27
> 
> save.image('Data/MTME.z_rr4a.RData')
> 
> ## Update1 model ----
> MTME.z_rr4a.asr <- update(MTME.z_rr4a.asr)
Warning messages:
1: In asreml(fixed = Pheno_z ~ TraitEnv, random = ~rr(TraitEnv, 4):vm(Gkeep,  :
  Log-likelihood not converged
2: In asreml(fixed = Pheno_z ~ TraitEnv, random = ~rr(TraitEnv, 4):vm(Gkeep,  :
  Some components changed by more than 1% on the last iteration
> 
> # Print model info
> print('MTME.z-rr4a - Update 1')
[1] "MTME.z-rr4a - Update 1"
> print(summary(MTME.z_rr4a.asr)$call)
asreml(fixed = Pheno_z ~ TraitEnv, random = ~rr(TraitEnv, 4):vm(Gkeep, 
    Ginv.sparse) + diag(TraitEnv):vm(Gkeep, Ginv.sparse), sparse = ~TraitEnv:Gdrop, 
    residual = ~dsum(~ar1(Col):ar1(Row) | TraitEnv), G.param = MTME.z_rr4a.asr$G.param, 
    R.param = MTME.z_rr4a.asr$R.param, na.action = na.method(x = "include"), 
    data = ILYT_Pheno, maxit = 20, workspace = "96gb")
> print('AIC')
[1] "AIC"
> print(summary(MTME.z_rr4a.asr)$aic)
[1] -31916.08
attr(,"parameters")
[1] 306
> print(paste('convergence =', MTME.z_rr4a.asr$converge))
[1] "convergence = FALSE"
> MTME.z_rr4a.asr$trace |>
+   as.data.frame() |>
+   rownames_to_column('Iteration') |>
+   filter(Iteration=='LogLik') |>
+   print()
  Iteration        1        2     3        4        5       6        7        8
1    LogLik 16242.51 16244.99 16248 16252.14 16255.46 16258.1 16260.24 16261.91
         9      10       11      12       13       14       15       16
1 16263.19 16263.9 16264.69 16265.1 16265.82 16265.81 16265.21 16265.06
        17       18      19       20       21
1 16264.86 16264.57 16264.3 16264.04 16264.04
> 
> save.image('Data/MTME.z_rr4a.RData')
> 
> proc.time()
     user    system   elapsed 
340334.45  14088.13 209194.67 
