
R version 4.4.2 (2024-10-31) -- "Pile of Leaves"
Copyright (C) 2024 The R Foundation for Statistical Computing
Platform: x86_64-redhat-linux-gnu

R is free software and comes with ABSOLUTELY NO WARRANTY.
You are welcome to redistribute it under certain conditions.
Type 'license()' or 'licence()' for distribution details.

R is a collaborative project with many contributors.
Type 'contributors()' for more information and
'citation()' on how to cite R or R packages in publications.

Type 'demo()' for some demos, 'help()' for on-line help, or
'help.start()' for an HTML browser interface to help.
Type 'q()' to quit R.

Online License checked out Sat Feb 15 15:54:59 2025
[Previously saved workspace restored]

> # Multi-Trait Multi-Environment models ----
> # This script fits Multi-Trait Multi-Environment models
> 
> # Clean workspace
> rm(list = objects())  # Removes all objects from the environment.
> 
> # Packages ----
> library(tidyverse) # R packages for data science.
── Attaching core tidyverse packages ──────────────────────── tidyverse 2.0.0 ──
✔ dplyr     1.1.4     ✔ readr     2.1.5
✔ forcats   1.0.0     ✔ stringr   1.5.1
✔ ggplot2   3.5.1     ✔ tibble    3.2.1
✔ lubridate 1.9.4     ✔ tidyr     1.3.1
✔ purrr     1.0.2     
── Conflicts ────────────────────────────────────────── tidyverse_conflicts() ──
✖ dplyr::filter() masks stats::filter()
✖ dplyr::lag()    masks stats::lag()
ℹ Use the conflicted package (<http://conflicted.r-lib.org/>) to force all conflicts to become errors
> library(asreml) # ASReml-R package.
Loading required package: Matrix

Attaching package: ‘Matrix’

The following objects are masked from ‘package:tidyr’:

    expand, pack, unpack

Loading ASReml-R version 4.2

> 
> # Use for HPC only
> setwd('~/MTME_ILWheat/')
> 
> # Load data ----
> ## Pheno & Ginv
> load('Data/ILYT_Pheno-Gmatrix.RData')
> 
> # Fit rr5a model ----
> ## Run model ----
> MTME.z_rr5a.asr <- asreml(
+   Pheno_z ~ TraitEnv,
+   random = ~ rr(TraitEnv,5):vm(Gkeep, Ginv.sparse) + diag(TraitEnv):vm(Gkeep, Ginv.sparse),
+   residual = ~ dsum(~ ar1(Col):ar1(Row) | TraitEnv),
+   sparse = ~ TraitEnv:Gdrop,
+   data = ILYT_Pheno,
+   na.action = na.method(x = 'include'),
+   maxit = 80,
+   workspace = '96gb'
+ )
Warning messages:
1: In asreml(Pheno_z ~ TraitEnv, random = ~rr(TraitEnv, 5):vm(Gkeep,  :
  Log-likelihood not converged
2: In asreml(Pheno_z ~ TraitEnv, random = ~rr(TraitEnv, 5):vm(Gkeep,  :
  Some components changed by more than 1% on the last iteration
> 
> # Print model info
> print('MTME.z-rr5a')
[1] "MTME.z-rr5a"
> print('AIC')
[1] "AIC"
> print(summary(MTME.z_rr5a.asr)$aic)
[1] -36485.6
attr(,"parameters")
[1] 341
> print(paste('convergence =', MTME.z_rr5a.asr$converge))
[1] "convergence = FALSE"
> MTME.z_rr5a.asr$trace |>
+   as.data.frame() |> rownames_to_column('Iteration') |>
+   filter(Iteration=='LogLik') |> print()
  Iteration        1        2        3        4        5        6        7
1    LogLik 8836.478 12626.31 15043.41 16217.26 17088.79 17558.15 17855.67
         8        9       10       11       12       13       14       15
1 18036.73 18189.35 18283.12 18331.97 18382.12 18418.77 18445.36 18464.49
        16      17       18       19       20       21       22       23
1 18478.36 18489.6 18498.81 18507.55 18514.52 18520.56 18527.03 18534.06
        24      25       26       27       28       29       30       31    32
1 18541.48 18546.2 18550.26 18553.75 18556.29 18559.31 18561.75 18563.42 18565
        33       34       35       36       37       38       39       40
1 18566.43 18568.55 18569.81 18570.77 18571.56 18572.22 18572.79 18573.28
        41       42       43      44       45       46       47       48
1 18574.04 18574.49 18574.82 18575.1 18575.52 18575.78 18576.17 18576.38
        49       50       51       52       53    54       55       56       57
1 18576.73 18577.21 18577.37 18577.65 18577.78 18578 18578.33 18578.45 18578.65
        58       59       60       61       62       63       64       65
1 18579.01 18579.46 18579.57 18579.72 18579.98 18580.31 18580.78 18581.31
        66      67       68       69       70       71       72       73
1 18581.82 18581.9 18581.96 18582.04 18582.13 18582.27 18582.48 18582.77
        74       75       76       77      78       79      80      81
1 18583.17 18583.24 18583.28 18583.33 18583.4 18583.54 18583.8 18583.8
> 
> save.image('Data/MTME.z_rr5a.RData')
> 
> ## Update1 model ----
> MTME.z_rr5a.asr <- update(MTME.z_rr5a.asr)
