
R version 4.4.2 (2024-10-31) -- "Pile of Leaves"
Copyright (C) 2024 The R Foundation for Statistical Computing
Platform: x86_64-redhat-linux-gnu

R is free software and comes with ABSOLUTELY NO WARRANTY.
You are welcome to redistribute it under certain conditions.
Type 'license()' or 'licence()' for distribution details.

R is a collaborative project with many contributors.
Type 'contributors()' for more information and
'citation()' on how to cite R or R packages in publications.

Type 'demo()' for some demos, 'help()' for on-line help, or
'help.start()' for an HTML browser interface to help.
Type 'q()' to quit R.

Online License checked out Mon Feb 17 16:48:33 2025
[Previously saved workspace restored]

> # Multi-Trait Multi-Environment models ----
> # This script fits Multi-Trait Multi-Environment models
> 
> # Clean workspace
> rm(list = objects())  # Removes all objects from the environment.
> 
> # Packages ----
> library(tidyverse) # R packages for data science.
── Attaching core tidyverse packages ──────────────────────── tidyverse 2.0.0 ──
✔ dplyr     1.1.4     ✔ readr     2.1.5
✔ forcats   1.0.0     ✔ stringr   1.5.1
✔ ggplot2   3.5.1     ✔ tibble    3.2.1
✔ lubridate 1.9.4     ✔ tidyr     1.3.1
✔ purrr     1.0.2     
── Conflicts ────────────────────────────────────────── tidyverse_conflicts() ──
✖ dplyr::filter() masks stats::filter()
✖ dplyr::lag()    masks stats::lag()
ℹ Use the conflicted package (<http://conflicted.r-lib.org/>) to force all conflicts to become errors
> library(asreml) # ASReml-R package.
Loading required package: Matrix

Attaching package: ‘Matrix’

The following objects are masked from ‘package:tidyr’:

    expand, pack, unpack

Loading ASReml-R version 4.2

> 
> # Use for HPC only
> setwd('~/MTME_ILWheat/')
> 
> # Load data ----
> ## Pheno & Ginv
> load('Data/ILYT_Pheno-Gmatrix.RData')
> 
> # Fit rr4a model ----
> ## Run model ----
> MTME.z_rr4a.asr <- asreml(
+   Pheno_z ~ TraitEnv,
+   random = ~ rr(TraitEnv,4):vm(Gkeep, Ginv.sparse) + diag(TraitEnv):vm(Gkeep, Ginv.sparse),
+   residual = ~ dsum(~ ar1(Col):ar1(Row) | TraitEnv),
+   sparse = ~ TraitEnv:Gdrop,
+   data = ILYT_Pheno,
+   na.action = na.method(x = 'include'),
+   maxit = 80,
+   workspace = '80gb'
+ )
Warning messages:
1: In asreml(Pheno_z ~ TraitEnv, random = ~rr(TraitEnv, 4):vm(Gkeep,  :
  Log-likelihood not converged
2: In asreml(Pheno_z ~ TraitEnv, random = ~rr(TraitEnv, 4):vm(Gkeep,  :
  Some components changed by more than 1% on the last iteration
> 
> # Print model info
> print('MTME.z-rr4a')
[1] "MTME.z-rr4a"
> print('AIC')
[1] "AIC"
> print(summary(MTME.z_rr4a.asr)$aic)
[1] -35847.6
attr(,"parameters")
[1] 306
> print(paste('convergence =', MTME.z_rr4a.asr$converge))
[1] "convergence = FALSE"
> MTME.z_rr4a.asr$trace |>
+   as.data.frame() |> rownames_to_column('Iteration') |>
+   filter(Iteration=='LogLik') |> print()
  Iteration        1        2        3        4        5        6        7
1    LogLik 9190.947 12659.28 15346.69 16672.92 17316.98 17640.64 17817.34
         8        9       10       11       12      13       14       15
1 17921.28 17987.28 18032.24 18074.33 18102.96 18124.8 18141.07 18153.36
       16       17       18       19       20       21       22       23
1 18162.1 18169.38 18176.32 18183.09 18189.89 18196.67 18201.02 18204.16
        24      25       26      27       28       29       30       31
1 18207.15 18209.8 18212.17 18214.2 18215.94 18217.43 18218.72 18219.83
        32       33       34       35       36       37       38       39
1 18220.78 18221.61 18222.33 18222.95 18223.48 18224.22 18225.05 18225.87
        40       41       42       43      44       45       46       47
1 18226.14 18226.33 18226.47 18226.67 18226.9 18227.16 18227.24 18227.36
        48       49       50       51       52       53       54       55
1 18227.52 18227.69 18227.93 18227.96 18228.01 18228.08 18228.16 18228.28
        56       57       58       59       60      61      62       63
1 18228.41 18228.55 18228.67 18228.77 18228.87 18228.9 18228.9 18228.91
        64       65       66       67       68       69       70       71
1 18228.92 18228.93 18228.95 18228.99 18229.04 18229.13 18229.27 18229.33
        72       73       74       75       76       77       78       79
1 18229.35 18229.36 18229.38 18229.41 18229.48 18229.59 18229.77 18229.79
       80      81
1 18229.8 18229.8
> 
> save.image('Data/MTME.z_rr4a.RData')
> 
> ## Update1 model ----
> MTME.z_rr4a.asr <- update(MTME.z_rr4a.asr)
Warning messages:
1: In asreml(fixed = Pheno_z ~ TraitEnv, random = ~rr(TraitEnv, 4):vm(Gkeep,  :
  Log-likelihood not converged
2: In asreml(fixed = Pheno_z ~ TraitEnv, random = ~rr(TraitEnv, 4):vm(Gkeep,  :
  Some components changed by more than 1% on the last iteration
> 
> # Print model info
> print('MTME.z-rr4a - Update 1')
[1] "MTME.z-rr4a - Update 1"
> print('AIC')
[1] "AIC"
> print(summary(MTME.z_rr4a.asr)$aic)
[1] -35858.63
attr(,"parameters")
[1] 306
> print(paste('convergence =', MTME.z_rr4a.asr$converge))
[1] "convergence = FALSE"
> MTME.z_rr4a.asr$trace |>
+   as.data.frame() |> rownames_to_column('Iteration') |>
+   filter(Iteration=='LogLik') |> print()
  Iteration        1        2        3        4        5        6        7
1    LogLik 18229.82 18229.82 18229.84 18229.86 18229.89 18229.95 18230.06
         8        9      10       11       12       13       14       15
1 18230.27 18230.28 18230.3 18230.33 18230.37 18230.46 18230.62 18230.64
        16       17       18       19       20       21       22       23
1 18230.66 18230.69 18230.74 18230.85 18231.04 18231.05 18231.08 18231.12
        24      25       26       27       28       29       30       31
1 18231.18 18231.3 18231.31 18231.34 18231.38 18231.45 18231.58 18231.81
        32       33       34       35       36       37       38       39
1 18231.83 18231.86 18231.91 18231.98 18232.12 18232.14 18232.17 18232.22
        40       41       42       43       44       45       46       47
1 18232.29 18232.44 18232.45 18232.48 18232.53 18232.61 18232.76 18232.77
       48       49       50       51       52       53       54       55
1 18232.8 18232.86 18232.93 18233.08 18233.09 18233.12 18233.17 18233.25
        56       57       58       59       60      61       62       63
1 18233.39 18233.41 18233.44 18233.49 18233.56 18233.7 18233.93 18233.95
        64       65       66       67       68       69       70       71
1 18233.98 18234.02 18234.08 18234.21 18234.22 18234.24 18234.29 18234.34
        72       73       74       75       76       77       78       79
1 18234.46 18234.47 18234.49 18234.53 18234.58 18234.68 18234.84 18235.07
        80       81
1 18235.31 18235.31
> 
> save.image('Data/MTME.z_rr4a.RData')
> 
> ## Update2 model ----
> MTME.z_rr4a.asr <- update(MTME.z_rr4a.asr)
Warning message:
In asreml(fixed = Pheno_z ~ TraitEnv, random = ~rr(TraitEnv, 4):vm(Gkeep,  :
  Some components changed by more than 1% on the last iteration
> 
> # Print model info
> print('MTME.z-rr4a - Update 2')
[1] "MTME.z-rr4a - Update 2"
> print('AIC')
[1] "AIC"
> print(summary(MTME.z_rr4a.asr)$aic)
[1] -35859.79
attr(,"parameters")
[1] 306
> print(paste('convergence =', MTME.z_rr4a.asr$converge))
[1] "convergence = TRUE"
> MTME.z_rr4a.asr$trace |>
+   as.data.frame() |> rownames_to_column('Iteration') |>
+   filter(Iteration=='LogLik') |> print()
  Iteration        1        2        3        4        5        6        7
1    LogLik 18235.53 18235.54 18235.56 18235.57 18235.59 18235.62 18235.67
         8        9       10       11       12       13      14      15      16
1 18235.72 18235.78 18235.83 18235.87 18235.89 18235.89 18235.9 18235.9 18235.9
> 
> save.image('Data/MTME.z_rr4a.RData')
> 
> proc.time()
     user    system   elapsed 
771492.00  40584.96 158070.25 
