
R version 4.4.2 (2024-10-31) -- "Pile of Leaves"
Copyright (C) 2024 The R Foundation for Statistical Computing
Platform: x86_64-redhat-linux-gnu

R is free software and comes with ABSOLUTELY NO WARRANTY.
You are welcome to redistribute it under certain conditions.
Type 'license()' or 'licence()' for distribution details.

R is a collaborative project with many contributors.
Type 'contributors()' for more information and
'citation()' on how to cite R or R packages in publications.

Type 'demo()' for some demos, 'help()' for on-line help, or
'help.start()' for an HTML browser interface to help.
Type 'q()' to quit R.

Online License checked out Thu Feb 13 13:09:05 2025
[Previously saved workspace restored]

> # Multi-Trait Multi-Environment models ----
> # This script fits Multi-Trait Multi-Environment models
> 
> # Clean workspace
> rm(list = objects())  # Removes all objects from the environment.
> 
> # Packages ----
> library(tidyverse) # R packages for data science.
── Attaching core tidyverse packages ──────────────────────── tidyverse 2.0.0 ──
✔ dplyr     1.1.4     ✔ readr     2.1.5
✔ forcats   1.0.0     ✔ stringr   1.5.1
✔ ggplot2   3.5.1     ✔ tibble    3.2.1
✔ lubridate 1.9.4     ✔ tidyr     1.3.1
✔ purrr     1.0.2     
── Conflicts ────────────────────────────────────────── tidyverse_conflicts() ──
✖ dplyr::filter() masks stats::filter()
✖ dplyr::lag()    masks stats::lag()
ℹ Use the conflicted package (<http://conflicted.r-lib.org/>) to force all conflicts to become errors
> library(asreml) # ASReml-R package.
Loading required package: Matrix

Attaching package: ‘Matrix’

The following objects are masked from ‘package:tidyr’:

    expand, pack, unpack

Loading ASReml-R version 4.2

> 
> # Use for HPC only
> setwd('~/MTME_ILWheat/')
> 
> # Load data ----
> ## Pheno & Ginv
> load('Data/ILYT_Pheno-Gmatrix.RData')
> 
> # Fit rr1a model ----
> ## Run model ----
> MTME.z_rr1a.asr <- asreml(
+   Pheno_z ~ TraitEnv,
+   random = ~ rr(TraitEnv,1):vm(Gkeep, Ginv.sparse) + diag(TraitEnv):vm(Gkeep, Ginv.sparse),
+   residual = ~ dsum(~ ar1(Col):ar1(Row) | TraitEnv),
+   sparse = ~ TraitEnv:Gdrop,
+   data = ILYT_Pheno,
+   na.action = na.method(x = "include"),
+   maxit = 40,
+   workspace = '16gb'
+ )
Warning messages:
1: In asreml(Pheno_z ~ TraitEnv, random = ~rr(TraitEnv, 1):vm(Gkeep,  :
  Log-likelihood not converged
2: In asreml(Pheno_z ~ TraitEnv, random = ~rr(TraitEnv, 1):vm(Gkeep,  :
  Some components changed by more than 1% on the last iteration
> 
> # Print model info
> print('MTME.z-rr1a')
[1] "MTME.z-rr1a"
> print('AIC')
[1] "AIC"
> print(summary(MTME.z_rr1a.asr)$aic)
[1] -29443.04
attr(,"parameters")
[1] 195
> print(paste('convergence =', MTME.z_rr1a.asr$converge))
[1] "convergence = FALSE"
> MTME.z_rr1a.asr$trace |>
+   as.data.frame() |> rownames_to_column('Iteration') |>
+   filter(Iteration=='LogLik') |> print()
  Iteration        1        2        3        4        5        6        7
1    LogLik 9527.381 11138.19 12851.52 13781.57 14163.06 14342.16 14472.65
         8        9       10       11       12       13       14       15
1 14548.51 14587.12 14626.11 14647.71 14664.93 14682.86 14696.54 14706.71
        16       17       18       19       20      21       22       23
1 14714.09 14719.84 14724.53 14728.61 14732.31 14736.1 14740.47 14746.01
        24       25       26       27      28       29      30       31
1 14753.54 14764.15 14779.02 14793.03 14813.5 14835.21 14855.2 14871.28
        32       33       34       35      36       37       38       39
1 14883.91 14893.61 14900.77 14905.93 14909.5 14912.05 14913.98 14915.44
        40       41
1 14916.52 14916.52
> 
> save.image('Data/MTME.z_rr1a.RData')
> 
> ## Update1 model ----
> MTME.z_rr1a.asr <- update(MTME.z_rr1a.asr)
Warning message:
In asreml(fixed = Pheno_z ~ TraitEnv, random = ~rr(TraitEnv, 1):vm(Gkeep,  :
  Some components changed by more than 1% on the last iteration
> 
> # Print model info
> print('MTME.z-rr1a - Update 1')
[1] "MTME.z-rr1a - Update 1"
> print('AIC')
[1] "AIC"
> print(summary(MTME.z_rr1a.asr)$aic)
[1] -29449.49
attr(,"parameters")
[1] 195
> print(paste('convergence =', MTME.z_rr1a.asr$converge))
[1] "convergence = TRUE"
> MTME.z_rr1a.asr$trace |>
+   as.data.frame() |> rownames_to_column('Iteration') |>
+   filter(Iteration=='LogLik') |> print()
  Iteration        1        2        3        4        5        6       7
1    LogLik 14917.32 14917.52 14918.06 14918.48 14918.79 14919.03 14919.2
         8        9       10       11       12       13       14       15
1 14919.34 14919.44 14919.52 14919.58 14919.63 14919.67 14919.69 14919.71
        16       17       18
1 14919.73 14919.74 14919.74
> 
> save.image('Data/MTME.z_rr1a.RData')
> 
> proc.time()
    user   system  elapsed 
49069.02  2417.52 14434.43 
