
R version 4.4.2 (2024-10-31) -- "Pile of Leaves"
Copyright (C) 2024 The R Foundation for Statistical Computing
Platform: x86_64-redhat-linux-gnu

R is free software and comes with ABSOLUTELY NO WARRANTY.
You are welcome to redistribute it under certain conditions.
Type 'license()' or 'licence()' for distribution details.

R is a collaborative project with many contributors.
Type 'contributors()' for more information and
'citation()' on how to cite R or R packages in publications.

Type 'demo()' for some demos, 'help()' for on-line help, or
'help.start()' for an HTML browser interface to help.
Type 'q()' to quit R.

Online License checked out Tue Feb 11 09:21:44 2025
[Previously saved workspace restored]

> # Multi-Trait Multi-Environment models ----
> # This script fits Multi-Trait Multi-Environment models
> 
> # Clean workspace
> rm(list = objects())  # Removes all objects from the environment.
> 
> # Packages ----
> library(tidyverse) # R packages for data science.
── Attaching core tidyverse packages ──────────────────────── tidyverse 2.0.0 ──
✔ dplyr     1.1.4     ✔ readr     2.1.5
✔ forcats   1.0.0     ✔ stringr   1.5.1
✔ ggplot2   3.5.1     ✔ tibble    3.2.1
✔ lubridate 1.9.4     ✔ tidyr     1.3.1
✔ purrr     1.0.2     
── Conflicts ────────────────────────────────────────── tidyverse_conflicts() ──
✖ dplyr::filter() masks stats::filter()
✖ dplyr::lag()    masks stats::lag()
ℹ Use the conflicted package (<http://conflicted.r-lib.org/>) to force all conflicts to become errors
> library(asreml) # ASReml-R package.
Loading required package: Matrix

Attaching package: ‘Matrix’

The following objects are masked from ‘package:tidyr’:

    expand, pack, unpack

Loading ASReml-R version 4.2

> 
> # Use for HPC only
> setwd('~/MTME_ILWheat/')
> 
> # Load data ----
> ## Pheno & Ginv
> load('Data/ILYT_Pheno-Gmatrix.RData')
> 
> # Fit rr2a model ----
> ## Run model ----
> MTME.z_rr2a.asr <- asreml(
+   Pheno_z ~ TraitEnv,
+   random = ~ rr(TraitEnv,2):vm(Gkeep, Ginv.sparse) + diag(TraitEnv):vm(Gkeep, Ginv.sparse),
+   residual = ~ dsum(~ ar1(Col):ar1(Row) | TraitEnv),
+   sparse = ~ TraitEnv:Gdrop,
+   data = ILYT_Pheno,
+   na.action = na.method(x = "include"),
+   maxit = 20,
+   workspace = '24gb'
+ )
Warning messages:
1: In asreml(Pheno_z ~ TraitEnv, random = ~rr(TraitEnv, 2):vm(Gkeep,  :
  Log-likelihood not converged
2: In asreml(Pheno_z ~ TraitEnv, random = ~rr(TraitEnv, 2):vm(Gkeep,  :
  Some components changed by more than 1% on the last iteration
> 
> # Print model info
> print('MTME.z-rr2a')
[1] "MTME.z-rr2a"
> print('AIC')
[1] "AIC"
> print(summary(MTME.z_rr2a.asr)$aic)
[1] -33319.82
attr(,"parameters")
[1] 233
> print(paste('convergence =', MTME.z_rr2a.asr$converge))
[1] "convergence = FALSE"
> MTME.z_rr2a.asr$trace |>
+   as.data.frame() |> rownames_to_column('Iteration') |>
+   filter(Iteration=='LogLik') |> print()
  Iteration       1        2        3        4        5        6        7
1    LogLik 9991.55 12481.13 14497.68 15757.42 16349.09 16605.21 16726.89
         8        9       10       11       12       13       14       15
1 16806.33 16842.33 16860.96 16871.63 16878.69 16883.69 16887.12 16889.57
        16       17       18      19       20       21
1 16891.03 16891.88 16892.38 16892.7 16892.91 16892.91
> 
> save.image('Data/MTME.z_rr2a.RData')
> 
> ## Update1 model ----
> MTME.z_rr2a.asr <- update(MTME.z_rr2a.asr)
Warning message:
In asreml(fixed = Pheno_z ~ TraitEnv, random = ~rr(TraitEnv, 2):vm(Gkeep,  :
  Some components changed by more than 1% on the last iteration
> 
> # Print model info
> print('MTME.z-rr2a - Update 1')
[1] "MTME.z-rr2a - Update 1"
> print('AIC')
[1] "AIC"
> print(summary(MTME.z_rr2a.asr)$aic)
[1] -33320.62
attr(,"parameters")
[1] 233
> print(paste('convergence =', MTME.z_rr2a.asr$converge))
[1] "convergence = TRUE"
> MTME.z_rr2a.asr$trace |>
+   as.data.frame() |> rownames_to_column('Iteration') |>
+   filter(Iteration=='LogLik') |> print()
  Iteration        1        2        3        4        5        6        7
1    LogLik 16893.04 16893.07 16893.15 16893.21 16893.24 16893.27 16893.28
        8       9       10       11
1 16893.3 16893.3 16893.31 16893.31
> 
> save.image('Data/MTME.z_rr2a.RData')
> 
> ## Update2 model ----
> MTME.z_rr2a.asr <- update(MTME.z_rr2a.asr)
> 
> # Print model info
> print('MTME.z-rr2a - Update 2')
[1] "MTME.z-rr2a - Update 2"
> print('AIC')
[1] "AIC"
> print(summary(MTME.z_rr2a.asr)$aic)
[1] -33320.63
attr(,"parameters")
[1] 233
> print(paste('convergence =', MTME.z_rr2a.asr$converge))
[1] "convergence = TRUE"
> MTME.z_rr2a.asr$trace |>
+   as.data.frame() |> rownames_to_column('Iteration') |>
+   filter(Iteration=='LogLik') |> print()
  Iteration        1        2        3
1    LogLik 16893.31 16893.32 16893.32
> 
> ## Update3 model ----
> MTME.z_rr2a.asr <- update(MTME.z_rr2a.asr)
> 
> # Print model info
> print('MTME.z-rr2a - Update 3')
[1] "MTME.z-rr2a - Update 3"
> print('AIC')
[1] "AIC"
> print(summary(MTME.z_rr2a.asr)$aic)
[1] -33320.64
attr(,"parameters")
[1] 233
> print(paste('convergence =', MTME.z_rr2a.asr$converge))
[1] "convergence = TRUE"
> MTME.z_rr2a.asr$trace |>
+   as.data.frame() |> rownames_to_column('Iteration') |>
+   filter(Iteration=='LogLik') |> print()
  Iteration        1        2        3
1    LogLik 16893.32 16893.32 16893.32
> 
> save.image('Data/MTME.z_rr2a.RData')
> 
> proc.time()
     user    system   elapsed 
83039.626  4014.208 29953.510 
