
R version 4.4.2 (2024-10-31) -- "Pile of Leaves"
Copyright (C) 2024 The R Foundation for Statistical Computing
Platform: x86_64-redhat-linux-gnu

R is free software and comes with ABSOLUTELY NO WARRANTY.
You are welcome to redistribute it under certain conditions.
Type 'license()' or 'licence()' for distribution details.

R is a collaborative project with many contributors.
Type 'contributors()' for more information and
'citation()' on how to cite R or R packages in publications.

Type 'demo()' for some demos, 'help()' for on-line help, or
'help.start()' for an HTML browser interface to help.
Type 'q()' to quit R.

Online License checked out Fri Feb  7 16:26:07 2025
[Previously saved workspace restored]

> # Multi-Trait Multi-Environment models ----
> # This script fits Multi-Trait Multi-Environment models
> 
> # Clean workspace
> rm(list = objects())  # Removes all objects from the environment.
> 
> # Packages ----
> library(tidyverse) # R packages for data science.
── Attaching core tidyverse packages ──────────────────────── tidyverse 2.0.0 ──
✔ dplyr     1.1.4     ✔ readr     2.1.5
✔ forcats   1.0.0     ✔ stringr   1.5.1
✔ ggplot2   3.5.1     ✔ tibble    3.2.1
✔ lubridate 1.9.4     ✔ tidyr     1.3.1
✔ purrr     1.0.2     
── Conflicts ────────────────────────────────────────── tidyverse_conflicts() ──
✖ dplyr::filter() masks stats::filter()
✖ dplyr::lag()    masks stats::lag()
ℹ Use the conflicted package (<http://conflicted.r-lib.org/>) to force all conflicts to become errors
> library(asreml) # ASReml-R package.
Loading required package: Matrix

Attaching package: ‘Matrix’

The following objects are masked from ‘package:tidyr’:

    expand, pack, unpack

Loading ASReml-R version 4.2

> 
> # Use for HPC only
> setwd('~/MTME_ILWheat/')
> 
> # Load data ----
> ## Pheno & Ginv
> load('Data/ILYT_Pheno-Gmatrix.RData')
> 
> # Fit rr3a model ----
> ## Run model ----
> MTME.z_rr3a.asr <- asreml(
+   Pheno_z ~ TraitEnv,
+   random = ~ rr(TraitEnv,3):vm(Gkeep, Ginv.sparse) + diag(TraitEnv):vm(Gkeep, Ginv.sparse),
+   residual = ~ dsum(~ ar1(Col):ar1(Row) | TraitEnv),
+   sparse = ~ TraitEnv:Gdrop,
+   data = ILYT_Pheno,
+   na.action = na.method(x = "include"),
+   maxit = 20,
+   workspace = '96gb'
+ )
Warning messages:
1: In asreml(Pheno_z ~ TraitEnv, random = ~rr(TraitEnv, 3):vm(Gkeep,  :
  Log-likelihood not converged
2: In asreml(Pheno_z ~ TraitEnv, random = ~rr(TraitEnv, 3):vm(Gkeep,  :
  Some components changed by more than 1% on the last iteration
> 
> # Print model info
> print('MTME.z-rr3a')
[1] "MTME.z-rr3a"
> print(summary(MTME.z_rr3a.asr)$call)
asreml(fixed = Pheno_z ~ TraitEnv, random = ~rr(TraitEnv, 3):vm(Gkeep, 
    Ginv.sparse) + diag(TraitEnv):vm(Gkeep, Ginv.sparse), sparse = ~TraitEnv:Gdrop, 
    residual = ~dsum(~ar1(Col):ar1(Row) | TraitEnv), na.action = na.method(x = "include"), 
    data = ILYT_Pheno, maxit = 20, workspace = "96gb")
> print('AIC')
[1] "AIC"
> print(summary(MTME.z_rr3a.asr)$aic)
[1] -30731.05
attr(,"parameters")
[1] 270
> print(paste('convergence =', MTME.z_rr3a.asr$converge))
[1] "convergence = FALSE"
> MTME.z_rr3a.asr$trace |>
+   as.data.frame() |>
+   rownames_to_column('Iteration') |>
+   filter(Iteration=='LogLik') |>
+   print()
  Iteration        1        2        3        4        5        6        7
1    LogLik 9025.515 11516.16 13602.36 14502.51 15013.56 15199.69 15272.06
         8        9       10       11       12       13       14       15
1 15303.97 15324.05 15347.29 15374.19 15401.88 15422.94 15450.79 15481.48
        16       17       18       19       20       21
1 15517.02 15554.39 15588.53 15615.93 15635.52 15635.52
> 
> save.image('Data/MTME.z_rr3a.RData')
> 
> ## Update1 model ----
> MTME.z_rr3a.asr <- update(MTME.z_rr3a.asr)
Warning messages:
1: In asreml(fixed = Pheno_z ~ TraitEnv, random = ~rr(TraitEnv, 3):vm(Gkeep,  :
  Log-likelihood not converged
2: In asreml(fixed = Pheno_z ~ TraitEnv, random = ~rr(TraitEnv, 3):vm(Gkeep,  :
  Some components changed by more than 1% on the last iteration
> 
> # Print model info
> print('MTME.z-rr3a - Update 1')
[1] "MTME.z-rr3a - Update 1"
> print(summary(MTME.z_rr3a.asr)$call)
asreml(fixed = Pheno_z ~ TraitEnv, random = ~rr(TraitEnv, 3):vm(Gkeep, 
    Ginv.sparse) + diag(TraitEnv):vm(Gkeep, Ginv.sparse), sparse = ~TraitEnv:Gdrop, 
    residual = ~dsum(~ar1(Col):ar1(Row) | TraitEnv), G.param = MTME.z_rr3a.asr$G.param, 
    R.param = MTME.z_rr3a.asr$R.param, na.action = na.method(x = "include"), 
    data = ILYT_Pheno, maxit = 20, workspace = "96gb")
> print('AIC')
[1] "AIC"
> print(summary(MTME.z_rr3a.asr)$aic)
[1] -30825.77
attr(,"parameters")
[1] 270
> print(paste('convergence =', MTME.z_rr3a.asr$converge))
[1] "convergence = FALSE"
> MTME.z_rr3a.asr$trace |>
+   as.data.frame() |>
+   rownames_to_column('Iteration') |>
+   filter(Iteration=='LogLik') |>
+   print()
  Iteration        1        2        3        4        5        6        7
1    LogLik 15648.57 15652.13 15657.11 15663.05 15666.55 15668.74 15670.15
         8        9       10       11       12       13       14       15
1 15671.28 15672.54 15674.28 15676.56 15678.98 15679.11 15679.64 15680.18
        16       17       18       19       20       21
1 15680.77 15681.62 15682.66 15682.66 15682.89 15682.89
> 
> save.image('Data/MTME.z_rr3a.RData')
> 
> proc.time()
     user    system   elapsed 
274386.69  14644.85 182182.97 
