
R version 4.4.2 (2024-10-31) -- "Pile of Leaves"
Copyright (C) 2024 The R Foundation for Statistical Computing
Platform: x86_64-redhat-linux-gnu

R is free software and comes with ABSOLUTELY NO WARRANTY.
You are welcome to redistribute it under certain conditions.
Type 'license()' or 'licence()' for distribution details.

R is a collaborative project with many contributors.
Type 'contributors()' for more information and
'citation()' on how to cite R or R packages in publications.

Type 'demo()' for some demos, 'help()' for on-line help, or
'help.start()' for an HTML browser interface to help.
Type 'q()' to quit R.

Online License checked out Fri Feb  7 16:26:07 2025
[Previously saved workspace restored]

> # Multi-Trait Multi-Environment models ----
> # This script fits Multi-Trait Multi-Environment models
> 
> # Clean workspace
> rm(list = objects())  # Removes all objects from the environment.
> 
> # Packages ----
> library(tidyverse) # R packages for data science.
── Attaching core tidyverse packages ──────────────────────── tidyverse 2.0.0 ──
✔ dplyr     1.1.4     ✔ readr     2.1.5
✔ forcats   1.0.0     ✔ stringr   1.5.1
✔ ggplot2   3.5.1     ✔ tibble    3.2.1
✔ lubridate 1.9.4     ✔ tidyr     1.3.1
✔ purrr     1.0.2     
── Conflicts ────────────────────────────────────────── tidyverse_conflicts() ──
✖ dplyr::filter() masks stats::filter()
✖ dplyr::lag()    masks stats::lag()
ℹ Use the conflicted package (<http://conflicted.r-lib.org/>) to force all conflicts to become errors
> library(asreml) # ASReml-R package.
Loading required package: Matrix

Attaching package: ‘Matrix’

The following objects are masked from ‘package:tidyr’:

    expand, pack, unpack

Loading ASReml-R version 4.2

> 
> # Use for HPC only
> setwd('~/MTME_ILWheat/')
> 
> # Load data ----
> ## Pheno & Ginv
> load('Data/ILYT_Pheno-Gmatrix.RData')
> 
> # Fit rr2a model ----
> ## Run model ----
> MTME.z_rr2a.asr <- asreml(
+   Pheno_z ~ TraitEnv,
+   random = ~ rr(TraitEnv,2):vm(Gkeep, Ginv.sparse) + diag(TraitEnv):vm(Gkeep, Ginv.sparse),
+   residual = ~ dsum(~ ar1(Col):ar1(Row) | TraitEnv),
+   sparse = ~ TraitEnv:Gdrop,
+   data = ILYT_Pheno,
+   na.action = na.method(x = "include"),
+   maxit = 20,
+   workspace = '88gb'
+ )
Warning messages:
1: In asreml(Pheno_z ~ TraitEnv, random = ~rr(TraitEnv, 2):vm(Gkeep,  :
  Log-likelihood not converged
2: In asreml(Pheno_z ~ TraitEnv, random = ~rr(TraitEnv, 2):vm(Gkeep,  :
  Some components changed by more than 1% on the last iteration
> 
> # Print model info
> print('MTME.z-rr2a')
[1] "MTME.z-rr2a"
> print(summary(MTME.z_rr2a.asr)$call)
asreml(fixed = Pheno_z ~ TraitEnv, random = ~rr(TraitEnv, 2):vm(Gkeep, 
    Ginv.sparse) + diag(TraitEnv):vm(Gkeep, Ginv.sparse), sparse = ~TraitEnv:Gdrop, 
    residual = ~dsum(~ar1(Col):ar1(Row) | TraitEnv), na.action = na.method(x = "include"), 
    data = ILYT_Pheno, maxit = 20, workspace = "88gb")
> print('AIC')
[1] "AIC"
> print(summary(MTME.z_rr2a.asr)$aic)
[1] -28656.1
attr(,"parameters")
[1] 233
> print(paste('convergence =', MTME.z_rr2a.asr$converge))
[1] "convergence = FALSE"
> MTME.z_rr2a.asr$trace |>
+   as.data.frame() |>
+   rownames_to_column('Iteration') |>
+   filter(Iteration=='LogLik') |>
+   print()
  Iteration        1        2        3        4        5        6        7
1    LogLik 9480.447 11522.27 13243.86 14197.58 14570.89 14662.63 14663.55
         8        9      10      11       12       13       14       15
1 14630.13 14600.19 14588.2 14580.8 14575.51 14571.47 14568.29 14565.73
        16    17       18       19       20       21
1 14563.67 14562 14560.65 14560.87 14561.05 14561.05
> 
> save.image('Data/MTME.z_rr2a.RData')
> 
> ## Update1 model ----
> MTME.z_rr2a.asr <- update(MTME.z_rr2a.asr)
