
R version 4.4.2 (2024-10-31) -- "Pile of Leaves"
Copyright (C) 2024 The R Foundation for Statistical Computing
Platform: x86_64-redhat-linux-gnu

R is free software and comes with ABSOLUTELY NO WARRANTY.
You are welcome to redistribute it under certain conditions.
Type 'license()' or 'licence()' for distribution details.

R is a collaborative project with many contributors.
Type 'contributors()' for more information and
'citation()' on how to cite R or R packages in publications.

Type 'demo()' for some demos, 'help()' for on-line help, or
'help.start()' for an HTML browser interface to help.
Type 'q()' to quit R.

Online License checked out Thu Feb 13 13:09:06 2025
[Previously saved workspace restored]

> # Multi-Trait Multi-Environment models ----
> # This script fits Multi-Trait Multi-Environment models
> 
> # Clean workspace
> rm(list = objects())  # Removes all objects from the environment.
> 
> # Packages ----
> library(tidyverse) # R packages for data science.
── Attaching core tidyverse packages ──────────────────────── tidyverse 2.0.0 ──
✔ dplyr     1.1.4     ✔ readr     2.1.5
✔ forcats   1.0.0     ✔ stringr   1.5.1
✔ ggplot2   3.5.1     ✔ tibble    3.2.1
✔ lubridate 1.9.4     ✔ tidyr     1.3.1
✔ purrr     1.0.2     
── Conflicts ────────────────────────────────────────── tidyverse_conflicts() ──
✖ dplyr::filter() masks stats::filter()
✖ dplyr::lag()    masks stats::lag()
ℹ Use the conflicted package (<http://conflicted.r-lib.org/>) to force all conflicts to become errors
> library(asreml) # ASReml-R package.
Loading required package: Matrix

Attaching package: ‘Matrix’

The following objects are masked from ‘package:tidyr’:

    expand, pack, unpack

Loading ASReml-R version 4.2

> 
> # Use for HPC only
> setwd('~/MTME_ILWheat/')
> 
> # Load data ----
> ## Pheno & Ginv
> load('Data/ILYT_Pheno-Gmatrix.RData')
> 
> # Fit rr2a model ----
> ## Run model ----
> MTME.z_rr2a.asr <- asreml(
+   Pheno_z ~ TraitEnv,
+   random = ~ rr(TraitEnv,2):vm(Gkeep, Ginv.sparse) + diag(TraitEnv):vm(Gkeep, Ginv.sparse),
+   residual = ~ dsum(~ ar1(Col):ar1(Row) | TraitEnv),
+   sparse = ~ TraitEnv:Gdrop,
+   data = ILYT_Pheno,
+   na.action = na.method(x = "include"),
+   maxit = 40,
+   workspace = '24gb'
+ )
Warning message:
In asreml(Pheno_z ~ TraitEnv, random = ~rr(TraitEnv, 2):vm(Gkeep,  :
  Some components changed by more than 1% on the last iteration
> 
> # Print model info
> print('MTME.z-rr2a')
[1] "MTME.z-rr2a"
> print('AIC')
[1] "AIC"
> print(summary(MTME.z_rr2a.asr)$aic)
[1] -33298.17
attr(,"parameters")
[1] 233
> print(paste('convergence =', MTME.z_rr2a.asr$converge))
[1] "convergence = TRUE"
> MTME.z_rr2a.asr$trace |>
+   as.data.frame() |> rownames_to_column('Iteration') |>
+   filter(Iteration=='LogLik') |> print()
  Iteration        1        2        3        4       5        6        7
1    LogLik 9937.673 12423.05 14449.95 15723.06 16314.6 16576.62 16703.33
         8     9       10       11       12       13       14       15       16
1 16787.33 16826 16846.27 16858.01 16865.79 16871.38 16875.21 16877.94 16879.57
        17       18       19       20      21      22       23       24
1 16880.51 16881.07 16881.42 16881.65 16881.8 16881.9 16881.97 16882.01
        25       26       27       28       29
1 16882.04 16882.06 16882.08 16882.09 16882.09
> 
> save.image('Data/MTME.z_rr2a.RData')
> 
> ## Update1 model ----
> MTME.z_rr2a.asr <- update(MTME.z_rr2a.asr)
> 
> # Print model info
> print('MTME.z-rr2a - Update 1')
[1] "MTME.z-rr2a - Update 1"
> print('AIC')
[1] "AIC"
> print(summary(MTME.z_rr2a.asr)$aic)
[1] -33298.19
attr(,"parameters")
[1] 233
> print(paste('convergence =', MTME.z_rr2a.asr$converge))
[1] "convergence = TRUE"
> MTME.z_rr2a.asr$trace |>
+   as.data.frame() |> rownames_to_column('Iteration') |>
+   filter(Iteration=='LogLik') |> print()
  Iteration        1        2        3
1    LogLik 16882.09 16882.09 16882.09
> 
> save.image('Data/MTME.z_rr2a.RData')
> 
> proc.time()
     user    system   elapsed 
55157.708  2633.924 16483.988 
