
R version 4.4.2 (2024-10-31) -- "Pile of Leaves"
Copyright (C) 2024 The R Foundation for Statistical Computing
Platform: x86_64-redhat-linux-gnu

R is free software and comes with ABSOLUTELY NO WARRANTY.
You are welcome to redistribute it under certain conditions.
Type 'license()' or 'licence()' for distribution details.

R is a collaborative project with many contributors.
Type 'contributors()' for more information and
'citation()' on how to cite R or R packages in publications.

Type 'demo()' for some demos, 'help()' for on-line help, or
'help.start()' for an HTML browser interface to help.
Type 'q()' to quit R.

> # Multi-Trait Multi-Environment models ----
> # This script fits Multi-Trait Multi-Environment models
> 
> # Clean workspace
> rm(list = objects())  # Removes all objects from the environment.
> 
> # Packages ----
> library(tidyverse) # R packages for data science.
── Attaching core tidyverse packages ──────────────────────── tidyverse 2.0.0 ──
✔ dplyr     1.1.4     ✔ readr     2.1.5
✔ forcats   1.0.0     ✔ stringr   1.5.1
✔ ggplot2   3.5.1     ✔ tibble    3.2.1
✔ lubridate 1.9.4     ✔ tidyr     1.3.1
✔ purrr     1.0.2     
── Conflicts ────────────────────────────────────────── tidyverse_conflicts() ──
✖ dplyr::filter() masks stats::filter()
✖ dplyr::lag()    masks stats::lag()
ℹ Use the conflicted package (<http://conflicted.r-lib.org/>) to force all conflicts to become errors
> library(asreml) # ASReml-R package.
Loading required package: Matrix

Attaching package: ‘Matrix’

The following objects are masked from ‘package:tidyr’:

    expand, pack, unpack

Online License checked out Fri Feb  7 08:24:31 2025
Loading ASReml-R version 4.2

> 
> # Use for HPC only
> setwd('~/MTME_ILWheat/')
> 
> # Load data ----
> ## Pheno & Ginv
> load('Data/ILYT_Pheno-Gmatrix.RData')
> 
> # Fit FA2a model ----
> ## Run model ----
> MTME.std_FA2a.asr <- asreml(
+   Pheno_std ~ TraitEnv,
+   random = ~ fa(TraitEnv,2):vm(Gkeep, Ginv.sparse),
+   residual = ~ dsum(~ ar1(Col):ar1(Row) | TraitEnv),
+   sparse = ~ TraitEnv:Gdrop,
+   data = ILYT_Pheno,
+   na.action = na.method(x = "include"),
+   maxit = 20,
+   workspace = '96gb'
+ )
 Move    120763 [5054] to    120762 [5053]   0.000      0.2526E+38 -0.3261E+36
 Move    120756 [5047] to    120754 [5045]   0.000       -Infinity   -Infinity
 Move    120479 [4770] to    120478 [4769]   0.000        Infinity    Infinity
 Move    120421 [4712] to    120420 [4711]   0.000        Infinity   -Infinity
 Move    120404 [4695] to    120402 [4693]   0.000       -Infinity   -Infinity
 Move    120226 [4517] to    120225 [4516]   0.000       -Infinity   -Infinity
 Move    120185 [4476] to    120180 [4471]   0.000        Infinity    Infinity
 Move    120119 [4410] to    120118 [4409]   0.000       -Infinity   -Infinity
 Move    120076 [4367] to    120075 [4366]   0.000        Infinity    Infinity
 Move    120052 [4343] to    120051 [4342]   0.000        Infinity    Infinity
 Move    120043 [4334] to    120042 [4333]   0.000       -Infinity   -Infinity
 Move    120034 [4325] to    120033 [4324]   0.000        Infinity    Infinity
 Move    120031 [4322] to    120030 [4321]   0.000       -Infinity   -Infinity
 Move    120863 [5154] to    120861 [5152]   0.000       -Infinity    Infinity
 Move    120745 [5036] to    120740 [5031]   0.000        Infinity    Infinity
 Move    120744 [5035] to    120743 [5034]   0.000       -Infinity   -Infinity
 Move    120251 [4542] to    120246 [4537]   0.000        Infinity    Infinity
 Move    120034 [4324] to    120015 [4306]   0.000        Infinity   -Infinity
 Move    120033 [4325] to    120030 [4322]   0.000        Infinity    Infinity
 Move    120032 [4323] to    120030 [4322]   0.000       -Infinity    Infinity
 Move    120031 [4321] to    120029 [4320]   0.000        Infinity    Infinity
 Move    119971 [4262] to    119969 [4260]   0.000       -Infinity   -Infinity
 Move    119968 [4259] to    119966 [4257]   0.000       -Infinity   -Infinity
 Move    119967 [4258] to    119965 [4256]   0.000       -Infinity   -Infinity
 Move    119962 [4253] to      1030 [121987]   0.000        Infinity    Infinity
 Move    119954 [4245] to       624 [122393]   0.000       -Infinity    Infinity
 Move    119953 [4244] to       624 [122393]   0.000        Infinity    Infinity
 Move    119942 [87223] to    119939 [87220]   0.000       -Infinity    Infinity
 Move    119941 [87222] to    119936 [87217]   0.000        Infinity    Infinity
 Move    119940 [87221] to    119939 [87220]   0.000        Infinity    Infinity
 Move     33835 [5823] to     33829 [5815]   0.000        Infinity   -Infinity
 Move     33825 [5811] to     33824 [5810]   0.000        Infinity   -Infinity
Error in asreml(Pheno_std ~ TraitEnv, random = ~fa(TraitEnv, 2):vm(Gkeep,  : 
  Error   : Iteration failed; ifault: 2990
Calls: asreml -> vs_Call -> vsn.tryCatch.W.E.rethrow
In addition: Warning message:
In asreml(Pheno_std ~ TraitEnv, random = ~fa(TraitEnv, 2):vm(Gkeep,  :
  Error   :  Lagrangian Equation order issue was not fixed.
Execution halted
