
R version 4.4.2 (2024-10-31) -- "Pile of Leaves"
Copyright (C) 2024 The R Foundation for Statistical Computing
Platform: x86_64-redhat-linux-gnu

R is free software and comes with ABSOLUTELY NO WARRANTY.
You are welcome to redistribute it under certain conditions.
Type 'license()' or 'licence()' for distribution details.

R is a collaborative project with many contributors.
Type 'contributors()' for more information and
'citation()' on how to cite R or R packages in publications.

Type 'demo()' for some demos, 'help()' for on-line help, or
'help.start()' for an HTML browser interface to help.
Type 'q()' to quit R.

Online License checked out Tue Feb 18 09:58:30 2025
[Previously saved workspace restored]

> # Multi-Trait Multi-Environment models ----
> # This script fits Multi-Trait Multi-Environment models
> 
> # Clean workspace
> rm(list = objects())  # Removes all objects from the environment.
> 
> # Packages ----
> library(tidyverse) # R packages for data science.
── Attaching core tidyverse packages ──────────────────────── tidyverse 2.0.0 ──
✔ dplyr     1.1.4     ✔ readr     2.1.5
✔ forcats   1.0.0     ✔ stringr   1.5.1
✔ ggplot2   3.5.1     ✔ tibble    3.2.1
✔ lubridate 1.9.4     ✔ tidyr     1.3.1
✔ purrr     1.0.2     
── Conflicts ────────────────────────────────────────── tidyverse_conflicts() ──
✖ dplyr::filter() masks stats::filter()
✖ dplyr::lag()    masks stats::lag()
ℹ Use the conflicted package (<http://conflicted.r-lib.org/>) to force all conflicts to become errors
> library(asreml) # ASReml-R package.
Loading required package: Matrix

Attaching package: ‘Matrix’

The following objects are masked from ‘package:tidyr’:

    expand, pack, unpack

Loading ASReml-R version 4.2

> 
> # Use for HPC only
> setwd('~/MTME_ILWheat/')
> 
> # # Load data ----
> # ## Pheno & Ginv
> # load('Data/ILYT_Pheno-Gmatrix.RData')
> # 
> # # Fit rr5a model ----
> # ## Run model ----
> # MTME.z_rr5a.asr <- asreml(
> #   Pheno_z ~ TraitEnv,
> #   random = ~ rr(TraitEnv,5):vm(Gkeep, Ginv.sparse) + diag(TraitEnv):vm(Gkeep, Ginv.sparse),
> #   residual = ~ dsum(~ ar1(Col):ar1(Row) | TraitEnv),
> #   sparse = ~ TraitEnv:Gdrop,
> #   data = ILYT_Pheno,
> #   na.action = na.method(x = 'include'),
> #   maxit = 80,
> #   workspace = '96gb'
> # )
> # 
> # # Print model info
> # print('MTME.z-rr5a')
> # print('AIC')
> # print(summary(MTME.z_rr5a.asr)$aic)
> # print(paste('convergence =', MTME.z_rr5a.asr$converge))
> # MTME.z_rr5a.asr$trace |>
> #   as.data.frame() |> rownames_to_column('Iteration') |>
> #   filter(Iteration=='LogLik') |> print()
> # 
> # save.image('Data/MTME.z_rr5a.RData')
> # 
> # ## Update1 model ----
> # MTME.z_rr5a.asr <- update(MTME.z_rr5a.asr)
> # 
> # # Print model info
> # print('MTME.z-rr5a - Update 1')
> # print('AIC')
> # print(summary(MTME.z_rr5a.asr)$aic)
> # print(paste('convergence =', MTME.z_rr5a.asr$converge))
> # MTME.z_rr5a.asr$trace |>
> #   as.data.frame() |> rownames_to_column('Iteration') |>
> #   filter(Iteration=='LogLik') |> print()
> # 
> # save.image('Data/MTME.z_rr5a.RData')
> 
> ## Update1 model ----
> load('Data/MTME.z_rr5a.RData')
> MTME.z_rr5a.asr <- update(MTME.z_rr5a.asr)
Warning message:
In asreml(fixed = Pheno_z ~ TraitEnv, random = ~rr(TraitEnv, 5):vm(Gkeep,  :
  Some components changed by more than 1% on the last iteration
> 
> # Print model info
> print('MTME.z-rr5a - Update 1')
[1] "MTME.z-rr5a - Update 1"
> print('AIC')
[1] "AIC"
> print(summary(MTME.z_rr5a.asr)$aic)
[1] -36503.53
attr(,"parameters")
[1] 341
> print(paste('convergence =', MTME.z_rr5a.asr$converge))
[1] "convergence = TRUE"
> MTME.z_rr5a.asr$trace |>
+   as.data.frame() |> rownames_to_column('Iteration') |>
+   filter(Iteration=='LogLik') |> print()
  Iteration        1        2        3        4        5        6        7
1    LogLik 18592.71 18592.71 18592.72 18592.72 18592.72 18592.73 18592.73
         8        9       10       11       12       13       14       15
1 18592.74 18592.74 18592.75 18592.75 18592.76 18592.76 18592.76 18592.76
        16
1 18592.76
> 
> save.image('Data/MTME.z_rr5a.RData')
> 
> proc.time()
     user    system   elapsed 
111232.35   5939.25  36942.00 
