
R version 4.4.2 (2024-10-31) -- "Pile of Leaves"
Copyright (C) 2024 The R Foundation for Statistical Computing
Platform: x86_64-redhat-linux-gnu

R is free software and comes with ABSOLUTELY NO WARRANTY.
You are welcome to redistribute it under certain conditions.
Type 'license()' or 'licence()' for distribution details.

R is a collaborative project with many contributors.
Type 'contributors()' for more information and
'citation()' on how to cite R or R packages in publications.

Type 'demo()' for some demos, 'help()' for on-line help, or
'help.start()' for an HTML browser interface to help.
Type 'q()' to quit R.

Online License checked out Sat Feb  8 15:06:43 2025
[Previously saved workspace restored]

> # Multi-Trait Multi-Environment models ----
> # This script fits Multi-Trait Multi-Environment models
> 
> # Clean workspace
> rm(list = objects())  # Removes all objects from the environment.
> 
> # Packages ----
> library(tidyverse) # R packages for data science.
── Attaching core tidyverse packages ──────────────────────── tidyverse 2.0.0 ──
✔ dplyr     1.1.4     ✔ readr     2.1.5
✔ forcats   1.0.0     ✔ stringr   1.5.1
✔ ggplot2   3.5.1     ✔ tibble    3.2.1
✔ lubridate 1.9.4     ✔ tidyr     1.3.1
✔ purrr     1.0.2     
── Conflicts ────────────────────────────────────────── tidyverse_conflicts() ──
✖ dplyr::filter() masks stats::filter()
✖ dplyr::lag()    masks stats::lag()
ℹ Use the conflicted package (<http://conflicted.r-lib.org/>) to force all conflicts to become errors
> library(asreml) # ASReml-R package.
Loading required package: Matrix

Attaching package: ‘Matrix’

The following objects are masked from ‘package:tidyr’:

    expand, pack, unpack

Loading ASReml-R version 4.2

> 
> # Use for HPC only
> setwd('~/MTME_ILWheat/')
> 
> # Load data ----
> ## Pheno & Ginv
> load('Data/ILYT_Pheno-Gmatrix.RData')
> 
> # Fit rr1a model ----
> ## Run model ----
> MTME.z_rr1a.asr <- asreml(
+   Pheno_z ~ TraitEnv,
+   random = ~ rr(TraitEnv,1):vm(Gkeep, Ginv.sparse) + diag(TraitEnv):vm(Gkeep, Ginv.sparse),
+   residual = ~ dsum(~ ar1(Col):ar1(Row) | TraitEnv),
+   sparse = ~ TraitEnv:Gdrop,
+   data = ILYT_Pheno,
+   na.action = na.method(x = "include"),
+   maxit = 20,
+   workspace = '24gb'
+ )
Warning messages:
1: In asreml(Pheno_z ~ TraitEnv, random = ~rr(TraitEnv, 1):vm(Gkeep,  :
  Log-likelihood not converged
2: In asreml(Pheno_z ~ TraitEnv, random = ~rr(TraitEnv, 1):vm(Gkeep,  :
  Some components changed by more than 1% on the last iteration
> 
> # Print model info
> print('MTME.z-rr1a')
[1] "MTME.z-rr1a"
> print(summary(MTME.z_rr1a.asr)$call)
asreml(fixed = Pheno_z ~ TraitEnv, random = ~rr(TraitEnv, 1):vm(Gkeep, 
    Ginv.sparse) + diag(TraitEnv):vm(Gkeep, Ginv.sparse), sparse = ~TraitEnv:Gdrop, 
    residual = ~dsum(~ar1(Col):ar1(Row) | TraitEnv), na.action = na.method(x = "include"), 
    data = ILYT_Pheno, maxit = 20, workspace = "24gb")
> print('AIC')
[1] "AIC"
> print(summary(MTME.z_rr1a.asr)$aic)
[1] -29053.97
attr(,"parameters")
[1] 195
> print(paste('convergence =', MTME.z_rr1a.asr$converge))
[1] "convergence = FALSE"
> MTME.z_rr1a.asr$trace |>
+   as.data.frame() |>
+   rownames_to_column('Iteration') |>
+   filter(Iteration=='LogLik') |>
+   print()
  Iteration        1        2        3        4        5        6        7
1    LogLik 9564.671 11154.12 12848.59 13778.61 14151.59 14321.12 14439.64
        8        9       10       11       12       13       14      15
1 14511.6 14565.58 14596.54 14629.57 14648.67 14664.17 14680.57 14693.2
        16       17       18       19       20       21
1 14702.65 14709.48 14714.67 14718.74 14721.99 14721.99
> 
> save.image('Data/MTME.z_rr1a.RData')
> 
> ## Update1 model ----
> MTME.z_rr1a.asr <- update(MTME.z_rr1a.asr)
Warning messages:
1: In asreml(fixed = Pheno_z ~ TraitEnv, random = ~rr(TraitEnv, 1):vm(Gkeep,  :
  Log-likelihood not converged
2: In asreml(fixed = Pheno_z ~ TraitEnv, random = ~rr(TraitEnv, 1):vm(Gkeep,  :
  Some components changed by more than 1% on the last iteration
> 
> # Print model info
> print('MTME.z-rr1a - Update 1')
[1] "MTME.z-rr1a - Update 1"
> print(summary(MTME.z_rr1a.asr)$call)
asreml(fixed = Pheno_z ~ TraitEnv, random = ~rr(TraitEnv, 1):vm(Gkeep, 
    Ginv.sparse) + diag(TraitEnv):vm(Gkeep, Ginv.sparse), sparse = ~TraitEnv:Gdrop, 
    residual = ~dsum(~ar1(Col):ar1(Row) | TraitEnv), G.param = MTME.z_rr1a.asr$G.param, 
    R.param = MTME.z_rr1a.asr$R.param, na.action = na.method(x = "include"), 
    data = ILYT_Pheno, maxit = 20, workspace = "24gb")
> print('AIC')
[1] "AIC"
> print(summary(MTME.z_rr1a.asr)$aic)
[1] -29304.03
attr(,"parameters")
[1] 195
> print(paste('convergence =', MTME.z_rr1a.asr$converge))
[1] "convergence = FALSE"
> MTME.z_rr1a.asr$trace |>
+   as.data.frame() |>
+   rownames_to_column('Iteration') |>
+   filter(Iteration=='LogLik') |>
+   print()
  Iteration       1        2        3        4        5        6        7
1    LogLik 14724.5 14725.15 14727.05 14728.69 14730.18 14731.62 14733.09
         8        9       10       11      12       13       14       15
1 14734.67 14736.43 14738.51 14741.05 14744.3 14748.64 14754.62 14763.11
        16       17       18       19       20       21
1 14775.24 14791.34 14805.64 14826.05 14847.02 14847.02
> 
> save.image('Data/MTME.z_rr1a.RData')
> 
> ## Update2 model ----
> MTME.z_rr1a.asr <- update(MTME.z_rr1a.asr)
Warning messages:
1: In asreml(fixed = Pheno_z ~ TraitEnv, random = ~rr(TraitEnv, 1):vm(Gkeep,  :
  Log-likelihood not converged
2: In asreml(fixed = Pheno_z ~ TraitEnv, random = ~rr(TraitEnv, 1):vm(Gkeep,  :
  Some components changed by more than 1% on the last iteration
> 
> # Print model info
> print('MTME.z-rr1a - Update 2')
[1] "MTME.z-rr1a - Update 2"
> print(summary(MTME.z_rr1a.asr)$call)
asreml(fixed = Pheno_z ~ TraitEnv, random = ~rr(TraitEnv, 1):vm(Gkeep, 
    Ginv.sparse) + diag(TraitEnv):vm(Gkeep, Ginv.sparse), sparse = ~TraitEnv:Gdrop, 
    residual = ~dsum(~ar1(Col):ar1(Row) | TraitEnv), G.param = MTME.z_rr1a.asr$G.param, 
    R.param = MTME.z_rr1a.asr$R.param, na.action = na.method(x = "include"), 
    data = ILYT_Pheno, maxit = 20, workspace = "24gb")
> print('AIC')
[1] "AIC"
> print(summary(MTME.z_rr1a.asr)$aic)
[1] -29461.73
attr(,"parameters")
[1] 195
> print(paste('convergence =', MTME.z_rr1a.asr$converge))
[1] "convergence = FALSE"
> MTME.z_rr1a.asr$trace |>
+   as.data.frame() |>
+   rownames_to_column('Iteration') |>
+   filter(Iteration=='LogLik') |>
+   print()
  Iteration        1        2        3        4        5       6        7
1    LogLik 14861.33 14867.27 14872.85 14881.84 14894.75 14903.8 14910.09
         8        9       10       11      12       13       14       15
1 14914.37 14917.35 14919.57 14921.25 14922.5 14923.43 14924.13 14924.65
        16       17       18       19       20       21
1 14925.04 14925.34 14925.56 14925.74 14925.87 14925.87
> 
> save.image('Data/MTME.z_rr1a.RData')
> 
> ## Update3 model ----
> MTME.z_rr1a.asr <- update(MTME.z_rr1a.asr)
Warning message:
In asreml(fixed = Pheno_z ~ TraitEnv, random = ~rr(TraitEnv, 1):vm(Gkeep,  :
  Some components changed by more than 1% on the last iteration
> 
> # Print model info
> print('MTME.z-rr1a - Update 3')
[1] "MTME.z-rr1a - Update 3"
> print(summary(MTME.z_rr1a.asr)$call)
asreml(fixed = Pheno_z ~ TraitEnv, random = ~rr(TraitEnv, 1):vm(Gkeep, 
    Ginv.sparse) + diag(TraitEnv):vm(Gkeep, Ginv.sparse), sparse = ~TraitEnv:Gdrop, 
    residual = ~dsum(~ar1(Col):ar1(Row) | TraitEnv), G.param = MTME.z_rr1a.asr$G.param, 
    R.param = MTME.z_rr1a.asr$R.param, na.action = na.method(x = "include"), 
    data = ILYT_Pheno, maxit = 20, workspace = "24gb")
> print('AIC')
[1] "AIC"
> print(summary(MTME.z_rr1a.asr)$aic)
[1] -29462.5
attr(,"parameters")
[1] 195
> print(paste('convergence =', MTME.z_rr1a.asr$converge))
[1] "convergence = TRUE"
> MTME.z_rr1a.asr$trace |>
+   as.data.frame() |>
+   rownames_to_column('Iteration') |>
+   filter(Iteration=='LogLik') |>
+   print()
  Iteration        1        2        3        4        5        6        7
1    LogLik 14925.97 14925.99 14926.06 14926.11 14926.16 14926.19 14926.21
         8        9       10
1 14926.23 14926.25 14926.25
> 
> save.image('Data/MTME.z_rr1a.RData')
> 
> proc.time()
     user    system   elapsed 
64430.520  3033.475 21516.040 
