
R version 4.4.2 (2024-10-31) -- "Pile of Leaves"
Copyright (C) 2024 The R Foundation for Statistical Computing
Platform: x86_64-redhat-linux-gnu

R is free software and comes with ABSOLUTELY NO WARRANTY.
You are welcome to redistribute it under certain conditions.
Type 'license()' or 'licence()' for distribution details.

R is a collaborative project with many contributors.
Type 'contributors()' for more information and
'citation()' on how to cite R or R packages in publications.

Type 'demo()' for some demos, 'help()' for on-line help, or
'help.start()' for an HTML browser interface to help.
Type 'q()' to quit R.

Online License checked out Thu Feb 13 13:09:06 2025
[Previously saved workspace restored]

> # Multi-Trait Multi-Environment models ----
> # This script fits Multi-Trait Multi-Environment models
> 
> # Clean workspace
> rm(list = objects())  # Removes all objects from the environment.
> 
> # Packages ----
> library(tidyverse) # R packages for data science.
── Attaching core tidyverse packages ──────────────────────── tidyverse 2.0.0 ──
✔ dplyr     1.1.4     ✔ readr     2.1.5
✔ forcats   1.0.0     ✔ stringr   1.5.1
✔ ggplot2   3.5.1     ✔ tibble    3.2.1
✔ lubridate 1.9.4     ✔ tidyr     1.3.1
✔ purrr     1.0.2     
── Conflicts ────────────────────────────────────────── tidyverse_conflicts() ──
✖ dplyr::filter() masks stats::filter()
✖ dplyr::lag()    masks stats::lag()
ℹ Use the conflicted package (<http://conflicted.r-lib.org/>) to force all conflicts to become errors
> library(asreml) # ASReml-R package.
Loading required package: Matrix

Attaching package: ‘Matrix’

The following objects are masked from ‘package:tidyr’:

    expand, pack, unpack

Loading ASReml-R version 4.2

> 
> # Use for HPC only
> setwd('~/MTME_ILWheat/')
> 
> # Load data ----
> ## Pheno & Ginv
> load('Data/ILYT_Pheno-Gmatrix.RData')
> 
> # Fit rr3a model ----
> ## Run model ----
> MTME.z_rr3a.asr <- asreml(
+   Pheno_z ~ TraitEnv,
+   random = ~ rr(TraitEnv,3):vm(Gkeep, Ginv.sparse) + diag(TraitEnv):vm(Gkeep, Ginv.sparse),
+   residual = ~ dsum(~ ar1(Col):ar1(Row) | TraitEnv),
+   sparse = ~ TraitEnv:Gdrop,
+   data = ILYT_Pheno,
+   na.action = na.method(x = "include"),
+   maxit = 40,
+   workspace = '72gb'
+ )
Warning messages:
1: In asreml(Pheno_z ~ TraitEnv, random = ~rr(TraitEnv, 3):vm(Gkeep,  :
  Log-likelihood not converged
2: In asreml(Pheno_z ~ TraitEnv, random = ~rr(TraitEnv, 3):vm(Gkeep,  :
  Some components changed by more than 1% on the last iteration
> 
> # Print model info
> print('MTME.z-rr3a')
[1] "MTME.z-rr3a"
> print('AIC')
[1] "AIC"
> print(summary(MTME.z_rr3a.asr)$aic)
[1] -30783.29
attr(,"parameters")
[1] 270
> print(paste('convergence =', MTME.z_rr3a.asr$converge))
[1] "convergence = FALSE"
> MTME.z_rr3a.asr$trace |>
+   as.data.frame() |> rownames_to_column('Iteration') |>
+   filter(Iteration=='LogLik') |> print()
  Iteration        1        2        3        4        5        6        7
1    LogLik 8981.819 11478.18 13572.91 14637.39 15053.03 15207.26 15270.97
         8        9       10       11      12       13       14       15
1 15301.53 15324.24 15349.31 15374.42 15399.6 15424.53 15449.65 15477.47
        16       17       18       19       20       21       22       23
1 15510.04 15544.69 15576.97 15603.31 15622.51 15635.47 15643.89 15649.28
        24      25       26       27       28       29       30       31
1 15652.76 15655.2 15656.74 15657.63 15658.23 15658.75 15659.22 15659.68
        32       33      34       35       36       37       38       39
1 15660.15 15660.61 15660.6 15660.83 15661.01 15661.17 15661.31 15661.46
        40       41
1 15661.65 15661.65
> 
> save.image('Data/MTME.z_rr3a.RData')
> 
> ## Update1 model ----
> load('Data/MTME.z_rr3a.RData')
> MTME.z_rr3a.asr <- update(MTME.z_rr3a.asr)
Warning message:
In asreml(fixed = Pheno_z ~ TraitEnv, random = ~rr(TraitEnv, 3):vm(Gkeep,  :
  Some components changed by more than 1% on the last iteration
> 
> # Print model info
> print('MTME.z-rr3a - Update 1')
[1] "MTME.z-rr3a - Update 1"
> print('AIC')
[1] "AIC"
> print(summary(MTME.z_rr3a.asr)$aic)
[1] -30784.83
attr(,"parameters")
[1] 270
> print(paste('convergence =', MTME.z_rr3a.asr$converge))
[1] "convergence = TRUE"
> MTME.z_rr3a.asr$trace |>
+   as.data.frame() |> rownames_to_column('Iteration') |>
+   filter(Iteration=='LogLik') |> print()
  Iteration        1        2       3        4        5        6        7
1    LogLik 15661.88 15661.86 15661.8 15661.83 15661.89 15661.95 15662.03
         8        9       10      11       12       13       14       15
1 15662.11 15662.24 15662.41 15662.3 15662.32 15662.35 15662.38 15662.42
        16       17      18       19       20       21       22       23
1 15662.47 15662.55 15662.5 15662.48 15662.48 15662.47 15662.47 15662.46
        24       25       26       27       28       29       30       31
1 15662.46 15662.45 15662.45 15662.44 15662.44 15662.44 15662.43 15662.43
        32       33       34       35       36
1 15662.42 15662.42 15662.42 15662.41 15662.41
> 
> save.image('Data/MTME.z_rr3a.RData')
> 
> proc.time()
     user    system   elapsed 
250661.79  12072.40  94810.39 
