
R version 4.4.2 (2024-10-31) -- "Pile of Leaves"
Copyright (C) 2024 The R Foundation for Statistical Computing
Platform: x86_64-redhat-linux-gnu

R is free software and comes with ABSOLUTELY NO WARRANTY.
You are welcome to redistribute it under certain conditions.
Type 'license()' or 'licence()' for distribution details.

R is a collaborative project with many contributors.
Type 'contributors()' for more information and
'citation()' on how to cite R or R packages in publications.

Type 'demo()' for some demos, 'help()' for on-line help, or
'help.start()' for an HTML browser interface to help.
Type 'q()' to quit R.

Online License checked out Thu Feb 13 13:09:21 2025
[Previously saved workspace restored]

> # Multi-Trait Multi-Environment models ----
> # This script fits Multi-Trait Multi-Environment models
> 
> # Clean workspace
> rm(list = objects())  # Removes all objects from the environment.
> 
> # Packages ----
> library(tidyverse) # R packages for data science.
── Attaching core tidyverse packages ──────────────────────── tidyverse 2.0.0 ──
✔ dplyr     1.1.4     ✔ readr     2.1.5
✔ forcats   1.0.0     ✔ stringr   1.5.1
✔ ggplot2   3.5.1     ✔ tibble    3.2.1
✔ lubridate 1.9.4     ✔ tidyr     1.3.1
✔ purrr     1.0.2     
── Conflicts ────────────────────────────────────────── tidyverse_conflicts() ──
✖ dplyr::filter() masks stats::filter()
✖ dplyr::lag()    masks stats::lag()
ℹ Use the conflicted package (<http://conflicted.r-lib.org/>) to force all conflicts to become errors
> library(asreml) # ASReml-R package.
Loading required package: Matrix

Attaching package: ‘Matrix’

The following objects are masked from ‘package:tidyr’:

    expand, pack, unpack

Loading ASReml-R version 4.2

> 
> # Use for HPC only
> setwd('~/MTME_ILWheat/')
> 
> # Load data ----
> ## Pheno & Ginv
> load('Data/ILYT_Pheno-Gmatrix.RData')
> 
> # Fit rr4a model ----
> ## Run model ----
> MTME.z_rr4a.asr <- asreml(
+   Pheno_z ~ TraitEnv,
+   random = ~ rr(TraitEnv,4):vm(Gkeep, Ginv.sparse) + diag(TraitEnv):vm(Gkeep, Ginv.sparse),
+   residual = ~ dsum(~ ar1(Col):ar1(Row) | TraitEnv),
+   sparse = ~ TraitEnv:Gdrop,
+   data = ILYT_Pheno,
+   na.action = na.method(x = "include"),
+   maxit = 40,
+   workspace = '80gb'
+ )
Warning messages:
1: In asreml(Pheno_z ~ TraitEnv, random = ~rr(TraitEnv, 4):vm(Gkeep,  :
  Log-likelihood not converged
2: In asreml(Pheno_z ~ TraitEnv, random = ~rr(TraitEnv, 4):vm(Gkeep,  :
  Some components changed by more than 1% on the last iteration
> 
> # Print model info
> print('MTME.z-rr4a')
[1] "MTME.z-rr4a"
> print('AIC')
[1] "AIC"
> print(summary(MTME.z_rr4a.asr)$aic)
[1] -31853.9
attr(,"parameters")
[1] 306
> print(paste('convergence =', MTME.z_rr4a.asr$converge))
[1] "convergence = FALSE"
> MTME.z_rr4a.asr$trace |>
+   as.data.frame() |> rownames_to_column('Iteration') |>
+   filter(Iteration=='LogLik') |> print()
  Iteration       1        2        3        4     5        6        7     8
1    LogLik 8770.67 11754.31 14172.05 15205.18 15665 15867.75 15966.81 16022
         9       10       11       12       13       14       15      16
1 16057.98 16084.44 16110.93 16128.11 16145.18 16158.72 16168.62 16176.2
       17      18       19       20       21       22       23       24    25
1 16183.2 16189.8 16196.39 16203.13 16208.09 16212.24 16216.89 16222.91 16226
        26       27       28       29       30       31       32       33
1 16228.11 16229.93 16231.37 16232.44 16233.02 16233.52 16234.34 16234.55
        34       35       36       37       38       39       40       41
1 16234.56 16234.42 16233.85 16233.71 16233.43 16233.18 16232.95 16232.95
> 
> save.image('Data/MTME.z_rr4a.RData')
> 
> ## Update1 model ----
> MTME.z_rr4a.asr <- update(MTME.z_rr4a.asr)
Warning messages:
1: In asreml(fixed = Pheno_z ~ TraitEnv, random = ~rr(TraitEnv, 4):vm(Gkeep,  :
  Log-likelihood not converged
2: In asreml(fixed = Pheno_z ~ TraitEnv, random = ~rr(TraitEnv, 4):vm(Gkeep,  :
  Some components changed by more than 1% on the last iteration
> 
> # Print model info
> print('MTME.z-rr4a - Update 1')
[1] "MTME.z-rr4a - Update 1"
> print('AIC')
[1] "AIC"
> print(summary(MTME.z_rr4a.asr)$aic)
[1] -31842.62
attr(,"parameters")
[1] 306
> print(paste('convergence =', MTME.z_rr4a.asr$converge))
[1] "convergence = FALSE"
> MTME.z_rr4a.asr$trace |>
+   as.data.frame() |> rownames_to_column('Iteration') |>
+   filter(Iteration=='LogLik') |> print()
  Iteration        1        2        3       4        5        6        7
1    LogLik 16232.83 16232.86 16232.68 16232.1 16231.94 16231.64 16231.39
         8        9       10       11       12       13       14       15
1 16231.16 16230.95 16230.74 16230.55 16230.36 16230.18 16230.01 16229.85
        16       17      18       19       20    21       22       23       24
1 16229.69 16229.54 16229.4 16229.26 16229.13 16229 16228.88 16228.77 16228.65
        25       26       27       28       29       30       31       32
1 16228.55 16228.44 16228.34 16228.24 16228.15 16228.06 16227.98 16227.89
        33       34       35       36       37       38       39       40
1 16227.81 16227.73 16227.66 16227.58 16227.51 16227.44 16227.38 16227.31
        41
1 16227.31
> 
> save.image('Data/MTME.z_rr4a.RData')
> 
> proc.time()
     user    system   elapsed 
390158.56  20818.08 135365.20 
